Archive member included to satisfy reference by file (symbol)

c:/program files (x86)/atmel/studio/7.0/toolchain/arm/arm-gnu-toolchain/bin/../lib/gcc/arm-none-eabi/6.3.1/thumb/v7e-m\libgcc.a(_arm_addsubdf3.o)
                              hpl/sercom/hpl_sercom.o (__aeabi_dsub)
c:/program files (x86)/atmel/studio/7.0/toolchain/arm/arm-gnu-toolchain/bin/../lib/gcc/arm-none-eabi/6.3.1/thumb/v7e-m\libgcc.a(_arm_muldivdf3.o)
                              hpl/sercom/hpl_sercom.o (__aeabi_dmul)
c:/program files (x86)/atmel/studio/7.0/toolchain/arm/arm-gnu-toolchain/bin/../lib/gcc/arm-none-eabi/6.3.1/thumb/v7e-m\libgcc.a(_arm_fixunsdfsi.o)
                              hpl/sercom/hpl_sercom.o (__aeabi_d2uiz)
c:/program files (x86)/atmel/studio/7.0/toolchain/arm/arm-gnu-toolchain/bin/../lib/gcc/arm-none-eabi/6.3.1/thumb/v7e-m\libgcc.a(_aeabi_uldivmod.o)
                              hpl/sercom/hpl_sercom.o (__aeabi_uldivmod)
c:/program files (x86)/atmel/studio/7.0/toolchain/arm/arm-gnu-toolchain/bin/../lib/gcc/arm-none-eabi/6.3.1/thumb/v7e-m\libgcc.a(_udivmoddi4.o)
                              c:/program files (x86)/atmel/studio/7.0/toolchain/arm/arm-gnu-toolchain/bin/../lib/gcc/arm-none-eabi/6.3.1/thumb/v7e-m\libgcc.a(_aeabi_uldivmod.o) (__udivmoddi4)
c:/program files (x86)/atmel/studio/7.0/toolchain/arm/arm-gnu-toolchain/bin/../lib/gcc/arm-none-eabi/6.3.1/thumb/v7e-m\libgcc.a(_dvmd_tls.o)
                              c:/program files (x86)/atmel/studio/7.0/toolchain/arm/arm-gnu-toolchain/bin/../lib/gcc/arm-none-eabi/6.3.1/thumb/v7e-m\libgcc.a(_aeabi_uldivmod.o) (__aeabi_ldiv0)
c:/program files (x86)/atmel/studio/7.0/toolchain/arm/arm-gnu-toolchain/bin/../lib/gcc/arm-none-eabi/6.3.1/../../../../arm-none-eabi/lib/thumb/v7e-m\libc_nano.a(lib_a-exit.o)
                              c:/program files (x86)/atmel/studio/7.0/toolchain/arm/arm-gnu-toolchain/bin/../lib/gcc/arm-none-eabi/6.3.1/../../../../arm-none-eabi/lib/thumb/v7e-m/crt0.o (exit)
c:/program files (x86)/atmel/studio/7.0/toolchain/arm/arm-gnu-toolchain/bin/../lib/gcc/arm-none-eabi/6.3.1/../../../../arm-none-eabi/lib/thumb/v7e-m\libc_nano.a(lib_a-impure.o)
                              c:/program files (x86)/atmel/studio/7.0/toolchain/arm/arm-gnu-toolchain/bin/../lib/gcc/arm-none-eabi/6.3.1/../../../../arm-none-eabi/lib/thumb/v7e-m\libc_nano.a(lib_a-exit.o) (_global_impure_ptr)
c:/program files (x86)/atmel/studio/7.0/toolchain/arm/arm-gnu-toolchain/bin/../lib/gcc/arm-none-eabi/6.3.1/../../../../arm-none-eabi/lib/thumb/v7e-m\libc_nano.a(lib_a-init.o)
                              c:/program files (x86)/atmel/studio/7.0/toolchain/arm/arm-gnu-toolchain/bin/../lib/gcc/arm-none-eabi/6.3.1/../../../../arm-none-eabi/lib/thumb/v7e-m/crt0.o (__libc_init_array)
c:/program files (x86)/atmel/studio/7.0/toolchain/arm/arm-gnu-toolchain/bin/../lib/gcc/arm-none-eabi/6.3.1/../../../../arm-none-eabi/lib/thumb/v7e-m\libc_nano.a(lib_a-memset.o)
                              c:/program files (x86)/atmel/studio/7.0/toolchain/arm/arm-gnu-toolchain/bin/../lib/gcc/arm-none-eabi/6.3.1/../../../../arm-none-eabi/lib/thumb/v7e-m/crt0.o (memset)
c:/program files (x86)/atmel/studio/7.0/toolchain/arm/arm-gnu-toolchain/bin/../lib/gcc/arm-none-eabi/6.3.1/../../../../arm-none-eabi/lib/thumb/v7e-m\libc_nano.a(lib_a-printf.o)
                              hal/utils/src/utils_syscalls.o (printf)
c:/program files (x86)/atmel/studio/7.0/toolchain/arm/arm-gnu-toolchain/bin/../lib/gcc/arm-none-eabi/6.3.1/../../../../arm-none-eabi/lib/thumb/v7e-m\libc_nano.a(lib_a-findfp.o)
                              c:/program files (x86)/atmel/studio/7.0/toolchain/arm/arm-gnu-toolchain/bin/../lib/gcc/arm-none-eabi/6.3.1/../../../../arm-none-eabi/lib/thumb/v7e-m\libc_nano.a(lib_a-printf.o) (__sinit)
c:/program files (x86)/atmel/studio/7.0/toolchain/arm/arm-gnu-toolchain/bin/../lib/gcc/arm-none-eabi/6.3.1/../../../../arm-none-eabi/lib/thumb/v7e-m\libc_nano.a(lib_a-fwalk.o)
                              c:/program files (x86)/atmel/studio/7.0/toolchain/arm/arm-gnu-toolchain/bin/../lib/gcc/arm-none-eabi/6.3.1/../../../../arm-none-eabi/lib/thumb/v7e-m\libc_nano.a(lib_a-findfp.o) (_fwalk)
c:/program files (x86)/atmel/studio/7.0/toolchain/arm/arm-gnu-toolchain/bin/../lib/gcc/arm-none-eabi/6.3.1/../../../../arm-none-eabi/lib/thumb/v7e-m\libc_nano.a(lib_a-nano-mallocr.o)
                              c:/program files (x86)/atmel/studio/7.0/toolchain/arm/arm-gnu-toolchain/bin/../lib/gcc/arm-none-eabi/6.3.1/../../../../arm-none-eabi/lib/thumb/v7e-m\libc_nano.a(lib_a-findfp.o) (_malloc_r)
c:/program files (x86)/atmel/studio/7.0/toolchain/arm/arm-gnu-toolchain/bin/../lib/gcc/arm-none-eabi/6.3.1/../../../../arm-none-eabi/lib/thumb/v7e-m\libc_nano.a(lib_a-nano-vfprintf.o)
                              c:/program files (x86)/atmel/studio/7.0/toolchain/arm/arm-gnu-toolchain/bin/../lib/gcc/arm-none-eabi/6.3.1/../../../../arm-none-eabi/lib/thumb/v7e-m\libc_nano.a(lib_a-printf.o) (_vfprintf_r)
[...]
Memory Configuration

Name             Origin             Length             Attributes
rom              0x00000000         0x00100000         xr
ram              0x20000000         0x00040000         xrw
bkupram          0x47000000         0x00002000         xrw
qspi             0x04000000         0x01000000         xrw
*default*        0x00000000         0xffffffff

Linker script and memory map

LOAD c:/program files (x86)/atmel/studio/7.0/toolchain/arm/arm-gnu-toolchain/bin/../lib/gcc/arm-none-eabi/6.3.1/thumb/v7e-m/crti.o
LOAD c:/program files (x86)/atmel/studio/7.0/toolchain/arm/arm-gnu-toolchain/bin/../lib/gcc/arm-none-eabi/6.3.1/thumb/v7e-m/crtbegin.o
LOAD c:/program files (x86)/atmel/studio/7.0/toolchain/arm/arm-gnu-toolchain/bin/../lib/gcc/arm-none-eabi/6.3.1/../../../../arm-none-eabi/lib/thumb/v7e-m/crt0.o
LOAD atmel_start.o
LOAD Device_Startup/startup_samd51.o
LOAD Device_Startup/system_samd51.o
LOAD driver_init.o
LOAD examples/driver_examples.o
LOAD hal/src/hal_adc_async.o
LOAD hal/src/hal_atomic.o
LOAD hal/src/hal_cache.o
LOAD hal/src/hal_delay.o
LOAD hal/src/hal_gpio.o
LOAD hal/src/hal_init.o
LOAD hal/src/hal_io.o
LOAD hal/src/hal_pwm.o
LOAD hal/src/hal_sleep.o
LOAD hal/src/hal_spi_m_async.o
LOAD hal/src/hal_timer.o
LOAD hal/src/hal_usart_sync.o
LOAD hal/utils/src/utils_assert.o
LOAD hal/utils/src/utils_event.o
LOAD hal/utils/src/utils_list.o
LOAD hal/utils/src/utils_ringbuffer.o
LOAD hal/utils/src/utils_syscalls.o
LOAD hpl/adc/hpl_adc.o
LOAD hpl/cmcc/hpl_cmcc.o
LOAD hpl/core/hpl_core_m4.o
LOAD hpl/core/hpl_init.o
LOAD hpl/dmac/hpl_dmac.o
LOAD hpl/gclk/hpl_gclk.o
LOAD hpl/mclk/hpl_mclk.o
LOAD hpl/osc32kctrl/hpl_osc32kctrl.o
LOAD hpl/oscctrl/hpl_oscctrl.o
LOAD hpl/pm/hpl_pm.o
LOAD hpl/ramecc/hpl_ramecc.o
LOAD hpl/sercom/hpl_sercom.o
LOAD hpl/tc/hpl_tc.o
LOAD main.o
START GROUP
LOAD c:/program files (x86)/atmel/studio/7.0/toolchain/arm/arm-gnu-toolchain/bin/../lib/gcc/arm-none-eabi/6.3.1/../../../../arm-none-eabi/lib/thumb/v7e-m\libm.a
END GROUP
START GROUP
LOAD c:/program files (x86)/atmel/studio/7.0/toolchain/arm/arm-gnu-toolchain/bin/../lib/gcc/arm-none-eabi/6.3.1/thumb/v7e-m\libgcc.a
LOAD c:/program files (x86)/atmel/studio/7.0/toolchain/arm/arm-gnu-toolchain/bin/../lib/gcc/arm-none-eabi/6.3.1/../../../../arm-none-eabi/lib/thumb/v7e-m\libc_nano.a
END GROUP
START GROUP
LOAD c:/program files (x86)/atmel/studio/7.0/toolchain/arm/arm-gnu-toolchain/bin/../lib/gcc/arm-none-eabi/6.3.1/thumb/v7e-m\libgcc.a
LOAD c:/program files (x86)/atmel/studio/7.0/toolchain/arm/arm-gnu-toolchain/bin/../lib/gcc/arm-none-eabi/6.3.1/../../../../arm-none-eabi/lib/thumb/v7e-m\libc_nano.a
END GROUP
LOAD c:/program files (x86)/atmel/studio/7.0/toolchain/arm/arm-gnu-toolchain/bin/../lib/gcc/arm-none-eabi/6.3.1/thumb/v7e-m/crtend.o
LOAD c:/program files (x86)/atmel/studio/7.0/toolchain/arm/arm-gnu-toolchain/bin/../lib/gcc/arm-none-eabi/6.3.1/thumb/v7e-m/crtn.o
                0x00010000                STACK_SIZE = DEFINED (STACK_SIZE)?STACK_SIZE:DEFINED (__stack_size__)?__stack_size__:0x10000

.text           0x00000000     0x23f0
                0x00000000                . = ALIGN (0x4)
                0x00000000                _sfixed = .
 *(.vectors .vectors.*)
 .vectors       0x00000000      0x264 Device_Startup/startup_samd51.o
                0x00000000                exception_table
 *(.text .text.* .gnu.linkonce.t.*)
 .text          0x00000264       0x6c c:/program files (x86)/atmel/studio/7.0/toolchain/arm/arm-gnu-toolchain/bin/../lib/gcc/arm-none-eabi/6.3.1/thumb/v7e-m/crtbegin.o
 .text.atmel_start_init
                0x000002d0        0xc atmel_start.o
                0x000002d0                atmel_start_init
 .text.Dummy_Handler
                0x000002dc        0x2 Device_Startup/startup_samd51.o
                0x000002dc                EIC_5_Handler
                0x000002dc                SVCall_Handler
                0x000002dc                SERCOM0_2_Handler
                0x000002dc                EIC_13_Handler
                0x000002dc                EVSYS_0_Handler
                0x000002dc                TCC1_3_Handler
                0x000002dc                DAC_3_Handler
                0x000002dc                TRNG_Handler
                0x000002dc                HardFault_Handler
                0x000002dc                TC2_Handler
                0x000002dc                PDEC_2_Handler
                0x000002dc                EIC_4_Handler
                0x000002dc                AC_Handler
                0x000002dc                SERCOM3_1_Handler
                0x000002dc                SysTick_Handler
                0x000002dc                TCC2_3_Handler
                0x000002dc                SERCOM3_2_Handler
                0x000002dc                PendSV_Handler
                0x000002dc                TC7_Handler
                0x000002dc                EVSYS_3_Handler
                0x000002dc                PDEC_0_Handler
                0x000002dc                QSPI_Handler
                0x000002dc                NonMaskableInt_Handler
                0x000002dc                TCC0_0_Handler
                0x000002dc                EIC_3_Handler
                0x000002dc                MemManagement_Handler
                0x000002dc                DAC_2_Handler
                0x000002dc                SERCOM0_0_Handler
                0x000002dc                RTC_Handler
                0x000002dc                UsageFault_Handler
                0x000002dc                SERCOM4_0_Handler
                0x000002dc                EIC_10_Handler
                0x000002dc                SERCOM0_3_Handler
                0x000002dc                EIC_11_Handler
                0x000002dc                EIC_9_Handler
                0x000002dc                OSC32KCTRL_Handler
                0x000002dc                TCC2_1_Handler
                0x000002dc                SUPC_1_Handler
                0x000002dc                TCC0_5_Handler
                0x000002dc                TCC0_6_Handler
                0x000002dc                SERCOM6_2_Handler
                0x000002dc                EVSYS_1_Handler
                0x000002dc                TCC1_4_Handler
                0x000002dc                TC6_Handler
                0x000002dc                WDT_Handler
                0x000002dc                EIC_8_Handler
                0x000002dc                EIC_15_Handler
                0x000002dc                SERCOM6_0_Handler
                0x000002dc                SERCOM5_0_Handler
                0x000002dc                OSCCTRL_4_Handler
                0x000002dc                SERCOM4_3_Handler
                0x000002dc                EIC_12_Handler
                0x000002dc                TCC4_2_Handler
                0x000002dc                PAC_Handler
                0x000002dc                TCC1_0_Handler
                0x000002dc                USB_0_Handler
                0x000002dc                OSCCTRL_0_Handler
                0x000002dc                EIC_0_Handler
                0x000002dc                OSCCTRL_3_Handler
                0x000002dc                SERCOM4_1_Handler
                0x000002dc                TC3_Handler
                0x000002dc                Dummy_Handler
                0x000002dc                TCC3_0_Handler
                0x000002dc                TCC2_2_Handler
                0x000002dc                SERCOM5_1_Handler
                0x000002dc                TCC1_1_Handler
                0x000002dc                ADC0_0_Handler
                0x000002dc                SERCOM0_1_Handler
                0x000002dc                OSCCTRL_2_Handler
                0x000002dc                TCC1_2_Handler
                0x000002dc                USB_1_Handler
                0x000002dc                PM_Handler
                0x000002dc                SERCOM6_3_Handler
                0x000002dc                SERCOM2_3_Handler
                0x000002dc                DAC_4_Handler
                0x000002dc                TCC3_2_Handler
                0x000002dc                TCC0_2_Handler
                0x000002dc                TCC4_0_Handler
                0x000002dc                SDHC1_Handler
                0x000002dc                USB_3_Handler
                0x000002dc                TCC2_0_Handler
                0x000002dc                PDEC_1_Handler
                0x000002dc                TCC4_1_Handler
                0x000002dc                SERCOM5_3_Handler
                0x000002dc                USB_2_Handler
                0x000002dc                SERCOM6_1_Handler
                0x000002dc                SDHC0_Handler
                0x000002dc                SERCOM1_1_Handler
                0x000002dc                I2S_Handler
                0x000002dc                EIC_2_Handler
                0x000002dc                PCC_Handler
                0x000002dc                DAC_0_Handler
                0x000002dc                TCC0_1_Handler
                0x000002dc                SERCOM1_3_Handler
                0x000002dc                EIC_6_Handler
                0x000002dc                OSCCTRL_1_Handler
                0x000002dc                SERCOM1_0_Handler
                0x000002dc                PUKCC_Handler
                0x000002dc                SERCOM2_1_Handler
                0x000002dc                SERCOM1_2_Handler
                0x000002dc                SERCOM3_0_Handler
                0x000002dc                EIC_1_Handler
                0x000002dc                SERCOM4_2_Handler
                0x000002dc                EVSYS_4_Handler
                0x000002dc                EIC_7_Handler
                0x000002dc                NVMCTRL_1_Handler
                0x000002dc                SERCOM5_2_Handler
                0x000002dc                SERCOM3_3_Handler
                0x000002dc                ADC0_1_Handler
                0x000002dc                SERCOM2_2_Handler
                0x000002dc                TCC3_1_Handler
                0x000002dc                EIC_14_Handler
                0x000002dc                DAC_1_Handler
                0x000002dc                NVMCTRL_0_Handler
                0x000002dc                MCLK_Handler
                0x000002dc                EVSYS_2_Handler
                0x000002dc                SUPC_0_Handler
                0x000002dc                BusFault_Handler
                0x000002dc                FREQM_Handler
                0x000002dc                TC0_Handler
                0x000002dc                TCC0_3_Handler
                0x000002dc                DebugMonitor_Handler
                0x000002dc                TCC0_4_Handler
                0x000002dc                TC5_Handler
                0x000002dc                SERCOM2_0_Handler
                0x000002dc                AES_Handler
                0x000002dc                ICM_Handler
 *fill*         0x000002de        0x2 
 .text.Reset_Handler
                0x000002e0       0x98 Device_Startup/startup_samd51.o
                0x000002e0                Reset_Handler
 .text.ADC_0_init
                0x00000378       0xa0 driver_init.o
                0x00000378                ADC_0_init
 .text.USART_0_PORT_init
                0x00000418       0x48 driver_init.o
                0x00000418                USART_0_PORT_init
 .text.USART_0_CLOCK_init
                0x00000460       0x24 driver_init.o
                0x00000460                USART_0_CLOCK_init
 .text.USART_0_init
                0x00000484       0x2c driver_init.o
                0x00000484                USART_0_init
 .text.SPI_0_PORT_init
                0x000004b0       0xc8 driver_init.o
                0x000004b0                SPI_0_PORT_init
 .text.SPI_0_CLOCK_init
                0x00000578       0x24 driver_init.o
                0x00000578                SPI_0_CLOCK_init
 .text.SPI_0_init
                0x0000059c       0x28 driver_init.o
                0x0000059c                SPI_0_init
 .text.PWM_0_PORT_init
                0x000005c4       0x28 driver_init.o
                0x000005c4                PWM_0_PORT_init
 .text.PWM_0_CLOCK_init
                0x000005ec       0x1c driver_init.o
                0x000005ec                PWM_0_CLOCK_init
 .text.PWM_0_init
                0x00000608       0x34 driver_init.o
                0x00000608                PWM_0_init
 .text.system_init
                0x0000063c       0x64 driver_init.o
                0x0000063c                system_init
 .text.adc_async_window_threshold_reached
                0x000006a0        0xa hal/src/hal_adc_async.o
 .text.adc_async_error_occured
                0x000006aa        0xa hal/src/hal_adc_async.o
 .text.adc_async_channel_conversion_done
                0x000006b4       0x60 hal/src/hal_adc_async.o
 .text.adc_async_init
                0x00000714       0xa4 hal/src/hal_adc_async.o
                0x00000714                adc_async_init
 .text.adc_async_register_channel_buffer
                0x000007b8       0xb8 hal/src/hal_adc_async.o
                0x000007b8                adc_async_register_channel_buffer
 .text.atomic_enter_critical
                0x00000870        0xe hal/src/hal_atomic.o
                0x00000870                atomic_enter_critical
 .text.atomic_leave_critical
                0x0000087e        0xc hal/src/hal_atomic.o
                0x0000087e                atomic_leave_critical
 .text.pwm_period_expired
                0x0000088a        0xa hal/src/hal_pwm.o
 .text.pwm_detect_fault
                0x00000894        0xa hal/src/hal_pwm.o
 *fill*         0x0000089e        0x2 
 .text.pwm_init
                0x000008a0       0x44 hal/src/hal_pwm.o
                0x000008a0                pwm_init
 .text.pwm_enable
                0x000008e4       0x3c hal/src/hal_pwm.o
                0x000008e4                pwm_enable
 .text.pwm_disable
                0x00000920       0x3c hal/src/hal_pwm.o
                0x00000920                pwm_disable
 .text.pwm_set_parameters
                0x0000095c       0x30 hal/src/hal_pwm.o
                0x0000095c                pwm_set_parameters
 .text._spi_m_async_io_write
                0x0000098c       0x40 hal/src/hal_spi_m_async.o
 .text._spi_m_async_io_read
                0x000009cc       0x50 hal/src/hal_spi_m_async.o
 .text._spi_dev_error
                0x00000a1c       0x3c hal/src/hal_spi_m_async.o
 .text._spi_dev_complete
                0x00000a58       0x28 hal/src/hal_spi_m_async.o
 .text._spi_dev_tx
                0x00000a80       0x48 hal/src/hal_spi_m_async.o
 .text._spi_dev_rx
                0x00000ac8       0x84 hal/src/hal_spi_m_async.o
 .text.spi_m_async_init
                0x00000b4c       0x84 hal/src/hal_spi_m_async.o
                0x00000b4c                spi_m_async_init
 .text.timer_add_timer_task
                0x00000bd0       0x58 hal/src/hal_timer.o
 .text.timer_process_counted
                0x00000c28       0x80 hal/src/hal_timer.o
 .text.timer_init
                0x00000ca8       0x3c hal/src/hal_timer.o
                0x00000ca8                timer_init
 .text.timer_start
                0x00000ce4       0x3c hal/src/hal_timer.o
                0x00000ce4                timer_start
 .text.timer_add_task
                0x00000d20       0xa8 hal/src/hal_timer.o
                0x00000d20                timer_add_task
 .text.usart_sync_write
                0x00000dc8       0x74 hal/src/hal_usart_sync.o
 .text.usart_sync_read
                0x00000e3c       0x60 hal/src/hal_usart_sync.o
 .text.usart_sync_init
                0x00000e9c       0x48 hal/src/hal_usart_sync.o
                0x00000e9c                usart_sync_init
 .text.usart_sync_enable
                0x00000ee4       0x2c hal/src/hal_usart_sync.o
                0x00000ee4                usart_sync_enable
 .text.assert   0x00000f10        0x6 hal/utils/src/utils_assert.o
                0x00000f10                assert
 .text.is_list_element
                0x00000f16       0x20 hal/utils/src/utils_list.o
                0x00000f16                is_list_element
 *fill*         0x00000f36        0x2 
 .text.list_insert_as_head
                0x00000f38       0x2c hal/utils/src/utils_list.o
                0x00000f38                list_insert_as_head
 .text.list_insert_after
                0x00000f64        0x8 hal/utils/src/utils_list.o
                0x00000f64                list_insert_after
 .text.list_remove_head
                0x00000f6c        0xc hal/utils/src/utils_list.o
                0x00000f6c                list_remove_head
 .text.ringbuffer_init
                0x00000f78       0x50 hal/utils/src/utils_ringbuffer.o
                0x00000f78                ringbuffer_init
 .text.ringbuffer_put
                0x00000fc8       0x40 hal/utils/src/utils_ringbuffer.o
                0x00000fc8                ringbuffer_put
 .text._adc_get_irq_num
                0x00001008       0x16 hpl/adc/hpl_adc.o
 *fill*         0x0000101e        0x2 
 .text._adc_init
                0x00001020      0x12c hpl/adc/hpl_adc.o
 .text._adc_interrupt_handler
                0x0000114c       0x52 hpl/adc/hpl_adc.o
 *fill*         0x0000119e        0x2 
 .text._adc_get_regs
                0x000011a0       0x2c hpl/adc/hpl_adc.o
 .text._adc_async_init
                0x000011cc      0x10c hpl/adc/hpl_adc.o
                0x000011cc                _adc_async_init
 .text._adc_async_get_data_size
                0x000012d8       0x12 hpl/adc/hpl_adc.o
                0x000012d8                _adc_async_get_data_size
 *fill*         0x000012ea        0x2 
 .text.ADC1_0_Handler
                0x000012ec       0x14 hpl/adc/hpl_adc.o
                0x000012ec                ADC1_0_Handler
 .text.ADC1_1_Handler
                0x00001300       0x14 hpl/adc/hpl_adc.o
                0x00001300                ADC1_1_Handler
 .text._irq_set
                0x00001314       0x1c hpl/core/hpl_core_m4.o
                0x00001314                _irq_set
 .text._init_chip
                0x00001330       0x58 hpl/core/hpl_init.o
                0x00001330                _init_chip
 .text._dmac_handler
                0x00001388       0x74 hpl/dmac/hpl_dmac.o
 .text._dma_init
                0x000013fc       0xdc hpl/dmac/hpl_dmac.o
                0x000013fc                _dma_init
 .text.DMAC_0_Handler
                0x000014d8        0xc hpl/dmac/hpl_dmac.o
                0x000014d8                DMAC_0_Handler
 .text.DMAC_1_Handler
                0x000014e4        0xc hpl/dmac/hpl_dmac.o
                0x000014e4                DMAC_1_Handler
 .text.DMAC_2_Handler
                0x000014f0        0xc hpl/dmac/hpl_dmac.o
                0x000014f0                DMAC_2_Handler
 .text.DMAC_3_Handler
                0x000014fc        0xc hpl/dmac/hpl_dmac.o
                0x000014fc                DMAC_3_Handler
 .text.DMAC_4_Handler
                0x00001508        0xc hpl/dmac/hpl_dmac.o
                0x00001508                DMAC_4_Handler
 .text._gclk_init_generators_by_fref
                0x00001514       0x40 hpl/gclk/hpl_gclk.o
                0x00001514                _gclk_init_generators_by_fref
 .text._mclk_init
                0x00001554        0xc hpl/mclk/hpl_mclk.o
                0x00001554                _mclk_init
 .text._osc32kctrl_init_sources
                0x00001560       0x18 hpl/osc32kctrl/hpl_osc32kctrl.o
                0x00001560                _osc32kctrl_init_sources
 .text._oscctrl_init_sources
                0x00001578        0x2 hpl/oscctrl/hpl_oscctrl.o
                0x00001578                _oscctrl_init_sources
 *fill*         0x0000157a        0x2 
 .text._oscctrl_init_referenced_generators
                0x0000157c       0xe8 hpl/oscctrl/hpl_oscctrl.o
                0x0000157c                _oscctrl_init_referenced_generators
 .text.RAMECC_Handler
                0x00001664       0x44 hpl/ramecc/hpl_ramecc.o
                0x00001664                RAMECC_Handler
 .text._sercom_get_hardware_index
                0x000016a8       0x44 hpl/sercom/hpl_sercom.o
 .text._sercom_get_irq_num
                0x000016ec       0x14 hpl/sercom/hpl_sercom.o
 .text._spi_handler
                0x00001700       0x4c hpl/sercom/hpl_sercom.o
 .text._usart_init
                0x0000174c       0x9c hpl/sercom/hpl_sercom.o
 .text._usart_sync_init
                0x000017e8       0x2c hpl/sercom/hpl_sercom.o
                0x000017e8                _usart_sync_init
 .text._usart_sync_enable
                0x00001814       0x14 hpl/sercom/hpl_sercom.o
                0x00001814                _usart_sync_enable
 .text._usart_sync_write_byte
                0x00001828        0x6 hpl/sercom/hpl_sercom.o
                0x00001828                _usart_sync_write_byte
 .text._usart_sync_read_byte
                0x0000182e        0x8 hpl/sercom/hpl_sercom.o
                0x0000182e                _usart_sync_read_byte
 .text._usart_sync_is_ready_to_send
                0x00001836        0xa hpl/sercom/hpl_sercom.o
                0x00001836                _usart_sync_is_ready_to_send
 .text._usart_sync_is_transmit_done
                0x00001840        0xa hpl/sercom/hpl_sercom.o
                0x00001840                _usart_sync_is_transmit_done
 .text._usart_sync_is_byte_received
                0x0000184a        0xa hpl/sercom/hpl_sercom.o
                0x0000184a                _usart_sync_is_byte_received
 .text.SERCOM7_0_Handler
                0x00001854       0x14 hpl/sercom/hpl_sercom.o
                0x00001854                SERCOM7_0_Handler
 .text.SERCOM7_1_Handler
                0x00001868       0x14 hpl/sercom/hpl_sercom.o
                0x00001868                SERCOM7_1_Handler
 .text.SERCOM7_2_Handler
                0x0000187c       0x14 hpl/sercom/hpl_sercom.o
                0x0000187c                SERCOM7_2_Handler
 .text.SERCOM7_3_Handler
                0x00001890       0x14 hpl/sercom/hpl_sercom.o
                0x00001890                SERCOM7_3_Handler
 .text._spi_m_sync_init
                0x000018a4       0xf4 hpl/sercom/hpl_sercom.o
                0x000018a4                _spi_m_sync_init
 .text._spi_m_async_init
                0x00001998       0x6c hpl/sercom/hpl_sercom.o
                0x00001998                _spi_m_async_init
 .text._spi_m_async_enable_tx
                0x00001a04       0x34 hpl/sercom/hpl_sercom.o
                0x00001a04                _spi_m_async_enable_tx
 .text._spi_m_async_enable_rx
                0x00001a38       0x40 hpl/sercom/hpl_sercom.o
                0x00001a38                _spi_m_async_enable_rx
 .text._spi_m_async_enable_tx_complete
                0x00001a78       0x3c hpl/sercom/hpl_sercom.o
                0x00001a78                _spi_m_async_enable_tx_complete
 .text._spi_m_async_write_one
                0x00001ab4       0x30 hpl/sercom/hpl_sercom.o
                0x00001ab4                _spi_m_async_write_one
 .text._spi_m_async_read_one
                0x00001ae4       0x2c hpl/sercom/hpl_sercom.o
                0x00001ae4                _spi_m_async_read_one
 .text._spi_m_async_register_callback
                0x00001b10       0x34 hpl/sercom/hpl_sercom.o
                0x00001b10                _spi_m_async_register_callback
 .text.get_tc_index
                0x00001b44       0x78 hpl/tc/hpl_tc.o
 .text._timer_init
                0x00001bbc      0x1d0 hpl/tc/hpl_tc.o
                0x00001bbc                _timer_init
 .text._pwm_init
                0x00001d8c      0x180 hpl/tc/hpl_tc.o
                0x00001d8c                _pwm_init
 .text._timer_start
                0x00001f0c       0x14 hpl/tc/hpl_tc.o
                0x00001f0c                _timer_start
 .text._pwm_enable
                0x00001f20       0x14 hpl/tc/hpl_tc.o
                0x00001f20                _pwm_enable
 .text._pwm_disable
                0x00001f34       0x14 hpl/tc/hpl_tc.o
                0x00001f34                _pwm_disable
 .text._pwm_set_param
                0x00001f48       0x60 hpl/tc/hpl_tc.o
                0x00001f48                _pwm_set_param
 .text._timer_is_started
                0x00001fa8       0x12 hpl/tc/hpl_tc.o
                0x00001fa8                _timer_is_started
 .text._pwm_is_enabled
                0x00001fba       0x12 hpl/tc/hpl_tc.o
                0x00001fba                _pwm_is_enabled
 .text._tc_get_timer
                0x00001fcc        0x4 hpl/tc/hpl_tc.o
                0x00001fcc                _tc_get_timer
 .text._tc_get_pwm
                0x00001fd0        0x4 hpl/tc/hpl_tc.o
                0x00001fd0                _tc_get_pwm
 .text._timer_set_irq
                0x00001fd4       0x3c hpl/tc/hpl_tc.o
                0x00001fd4                _timer_set_irq
 .text.TC1_Handler
                0x00002010       0x20 hpl/tc/hpl_tc.o
                0x00002010                TC1_Handler
 .text.TC4_Handler
                0x00002030       0x38 hpl/tc/hpl_tc.o
                0x00002030                TC4_Handler
 .text.TIMER_0_task1_cb.67408
                0x00002068       0x14 main.o
 .text.main     0x0000207c       0x7c main.o
                0x0000207c                main
 .text.__libc_init_array
                0x000020f8       0x48 c:/program files (x86)/atmel/studio/7.0/toolchain/arm/arm-gnu-toolchain/bin/../lib/gcc/arm-none-eabi/6.3.1/../../../../arm-none-eabi/lib/thumb/v7e-m\libc_nano.a(lib_a-init.o)
                0x000020f8                __libc_init_array
 *(.glue_7t)
 .glue_7t       0x00002140        0x0 linker stubs
 *(.glue_7)
 .glue_7        0x00002140        0x0 linker stubs
 *(.rodata .rodata* .gnu.linkonce.r.*)
 .rodata.str1.4
                0x00002140       0x1b hal/src/hal_adc_async.o
 *fill*         0x0000215b        0x1 
 .rodata.str1.4
                0x0000215c       0x15 hal/src/hal_pwm.o
 *fill*         0x00002171        0x3 
 .rodata.str1.4
                0x00002174       0x1d hal/src/hal_spi_m_async.o
 *fill*         0x00002191        0x3 
 .rodata.str1.4
                0x00002194       0x17 hal/src/hal_timer.o
 *fill*         0x000021ab        0x1 
 .rodata.str1.4
                0x000021ac       0x1c hal/src/hal_usart_sync.o
 .rodata.str1.4
                0x000021c8       0x1e hal/utils/src/utils_list.o
 *fill*         0x000021e6        0x2 
 .rodata.str1.4
                0x000021e8       0x24 hal/utils/src/utils_ringbuffer.o
 .rodata        0x0000220c       0x16 hpl/adc/hpl_adc.o
 *fill*         0x00002222        0x2 
 .rodata.str1.4
                0x00002224       0x15 hpl/adc/hpl_adc.o
 *fill*         0x00002239        0x3 
 .rodata        0x0000223c      0x100 hpl/dmac/hpl_dmac.o
 .rodata        0x0000233c       0x38 hpl/sercom/hpl_sercom.o
 .rodata.str1.4
                0x00002374       0x1b hpl/sercom/hpl_sercom.o
 *fill*         0x0000238f        0x1 
 .rodata        0x00002390       0x20 hpl/tc/hpl_tc.o
 .rodata.str1.4
                0x000023b0       0x13 hpl/tc/hpl_tc.o
 *fill*         0x000023c3        0x1 
 .rodata.str1.4
                0x000023c4        0xc main.o
 *(.ARM.extab* .gnu.linkonce.armextab.*)
                0x000023d0                . = ALIGN (0x4)
 *(.init)
 .init          0x000023d0        0x4 c:/program files (x86)/atmel/studio/7.0/toolchain/arm/arm-gnu-toolchain/bin/../lib/gcc/arm-none-eabi/6.3.1/thumb/v7e-m/crti.o
                0x000023d0                _init
 .init          0x000023d4        0x8 c:/program files (x86)/atmel/studio/7.0/toolchain/arm/arm-gnu-toolchain/bin/../lib/gcc/arm-none-eabi/6.3.1/thumb/v7e-m/crtn.o
                0x000023dc                . = ALIGN (0x4)
                0x000023dc                __preinit_array_start = .
 *(.preinit_array)
                0x000023dc                __preinit_array_end = .
                0x000023dc                . = ALIGN (0x4)
                0x000023dc                __init_array_start = .
 *(SORT(.init_array.*))
 *(.init_array)
 .init_array    0x000023dc        0x4 c:/program files (x86)/atmel/studio/7.0/toolchain/arm/arm-gnu-toolchain/bin/../lib/gcc/arm-none-eabi/6.3.1/thumb/v7e-m/crtbegin.o
                0x000023e0                __init_array_end = .
                0x000023e0                . = ALIGN (0x4)
 *crtbegin.o(.ctors)
 *(EXCLUDE_FILE(*crtend.o) .ctors)
 *(SORT(.ctors.*))
 *crtend.o(.ctors)
                0x000023e0                . = ALIGN (0x4)
 *(.fini)
 .fini          0x000023e0        0x4 c:/program files (x86)/atmel/studio/7.0/toolchain/arm/arm-gnu-toolchain/bin/../lib/gcc/arm-none-eabi/6.3.1/thumb/v7e-m/crti.o
                0x000023e0                _fini
 .fini          0x000023e4        0x8 c:/program files (x86)/atmel/studio/7.0/toolchain/arm/arm-gnu-toolchain/bin/../lib/gcc/arm-none-eabi/6.3.1/thumb/v7e-m/crtn.o
                0x000023ec                . = ALIGN (0x4)
                0x000023ec                __fini_array_start = .
 *(.fini_array)
 .fini_array    0x000023ec        0x4 c:/program files (x86)/atmel/studio/7.0/toolchain/arm/arm-gnu-toolchain/bin/../lib/gcc/arm-none-eabi/6.3.1/thumb/v7e-m/crtbegin.o
 *(SORT(.fini_array.*))
                0x000023f0                __fini_array_end = .
 *crtbegin.o(.dtors)
 *(EXCLUDE_FILE(*crtend.o) .dtors)
 *(SORT(.dtors.*))
 *crtend.o(.dtors)
                0x000023f0                . = ALIGN (0x4)
                0x000023f0                _efixed = .
                [!provide]                PROVIDE (__exidx_start, .)

.vfp11_veneer   0x000023f0        0x0
 .vfp11_veneer  0x000023f0        0x0 linker stubs

.v4_bx          0x000023f0        0x0
 .v4_bx         0x000023f0        0x0 linker stubs

.iplt           0x000023f0        0x0
 .iplt          0x000023f0        0x0 c:/program files (x86)/atmel/studio/7.0/toolchain/arm/arm-gnu-toolchain/bin/../lib/gcc/arm-none-eabi/6.3.1/thumb/v7e-m/crtbegin.o

.eh_frame       0x000023f0        0x0
 .eh_frame      0x000023f0        0x0 c:/program files (x86)/atmel/studio/7.0/toolchain/arm/arm-gnu-toolchain/bin/../lib/gcc/arm-none-eabi/6.3.1/thumb/v7e-m/crtbegin.o

.rel.dyn        0x000023f0        0x0
 .rel.iplt      0x000023f0        0x0 c:/program files (x86)/atmel/studio/7.0/toolchain/arm/arm-gnu-toolchain/bin/../lib/gcc/arm-none-eabi/6.3.1/thumb/v7e-m/crtbegin.o

.jcr            0x000023f0        0x0
 .jcr           0x000023f0        0x0 c:/program files (x86)/atmel/studio/7.0/toolchain/arm/arm-gnu-toolchain/bin/../lib/gcc/arm-none-eabi/6.3.1/thumb/v7e-m/crtbegin.o

.igot.plt       0x000023f0        0x0
 .igot.plt      0x000023f0        0x0 c:/program files (x86)/atmel/studio/7.0/toolchain/arm/arm-gnu-toolchain/bin/../lib/gcc/arm-none-eabi/6.3.1/thumb/v7e-m/crtbegin.o

.ARM.exidx
 *(.ARM.exidx* .gnu.linkonce.armexidx.*)
                [!provide]                PROVIDE (__exidx_end, .)
                0x000023f0                . = ALIGN (0x4)
                0x000023f0                _etext = .

.relocate       0x20000000       0x28 load address 0x000023f0
                0x20000000                . = ALIGN (0x4)
                0x20000000                _srelocate = .
 *(.ramfunc .ramfunc.*)
 *(.data .data.*)
 .data          0x20000000       0x28 hpl/tc/hpl_tc.o
                0x20000028                . = ALIGN (0x4)
                0x20000028                _erelocate = .

.bkupram        0x47000000        0x0
                0x47000000                . = ALIGN (0x8)
                0x47000000                _sbkupram = .
 *(.bkupram .bkupram.*)
                0x47000000                . = ALIGN (0x8)
                0x47000000                _ebkupram = .

.qspi           0x04000000        0x0
                0x04000000                . = ALIGN (0x8)
                0x04000000                _sqspi = .
 *(.qspi .qspi.*)
                0x04000000                . = ALIGN (0x8)
                0x04000000                _eqspi = .

.bss            0x20000030      0x6c0 load address 0x00002420
                0x20000030                . = ALIGN (0x4)
                0x20000030                _sbss = .
                0x20000030                _szero = .
 *(.bss .bss.*)
 .bss           0x20000030       0x1c c:/program files (x86)/atmel/studio/7.0/toolchain/arm/arm-gnu-toolchain/bin/../lib/gcc/arm-none-eabi/6.3.1/thumb/v7e-m/crtbegin.o
 .bss           0x2000004c       0x14 driver_init.o
 .bss           0x20000060        0x4 hpl/adc/hpl_adc.o
 .bss           0x20000064      0x180 hpl/dmac/hpl_dmac.o
 .bss           0x200001e4        0x4 hpl/sercom/hpl_sercom.o
 .bss           0x200001e8        0x8 hpl/tc/hpl_tc.o
 .bss           0x200001f0       0x14 main.o
 *(COMMON)
 COMMON         0x20000204       0xd0 driver_init.o
                0x20000204                PWM_0
                0x20000220                ADC_0
                0x2000024c                ADC_0_ch
                0x20000264                SPI_0
                0x200002ac                USART_0
                0x200002b8                TIMER_0
 *fill*         0x200002d4        0xc 
 COMMON         0x200002e0      0x400 hpl/dmac/hpl_dmac.o
                0x200002e0                _descriptor_section
                0x200004e0                _write_back_section
 COMMON         0x200006e0       0x10 hpl/ramecc/hpl_ramecc.o
                0x200006e0                device
                0x200006f0                . = ALIGN (0x4)
                0x200006f0                _ebss = .
                0x200006f0                _ezero = .

.stack          0x200006f0    0x10000 load address 0x00002ae0
                0x200006f0                . = ALIGN (0x8)
                0x200006f0                _sstack = .
                0x200106f0                . = (. + STACK_SIZE)
 *fill*         0x200006f0    0x10000 
                0x200106f0                . = ALIGN (0x8)
                0x200106f0                _estack = .
                0x200106f0                . = ALIGN (0x4)
                0x200106f0                _end = .
OUTPUT(PWM_Default_Setup_Test.elf elf32-littlearm)

.ARM.attributes
                0x00000000       0x2e
 .ARM.attributes
                0x00000000       0x1e c:/program files (x86)/atmel/studio/7.0/toolchain/arm/arm-gnu-toolchain/bin/../lib/gcc/arm-none-eabi/6.3.1/thumb/v7e-m/crti.o
 .ARM.attributes
                0x0000001e       0x2e c:/program files (x86)/atmel/studio/7.0/toolchain/arm/arm-gnu-toolchain/bin/../lib/gcc/arm-none-eabi/6.3.1/thumb/v7e-m/crtbegin.o
 .ARM.attributes
                0x0000004c       0x37 atmel_start.o
 .ARM.attributes
                0x00000083       0x37 Device_Startup/startup_samd51.o
 .ARM.attributes
                0x000000ba       0x37 driver_init.o
 .ARM.attributes
                0x000000f1       0x37 hal/src/hal_adc_async.o
 .ARM.attributes
                0x00000128       0x37 hal/src/hal_atomic.o
 .ARM.attributes
                0x0000015f       0x37 hal/src/hal_pwm.o
 .ARM.attributes
                0x00000196       0x37 hal/src/hal_spi_m_async.o
 .ARM.attributes
                0x000001cd       0x37 hal/src/hal_timer.o
 .ARM.attributes
                0x00000204       0x37 hal/src/hal_usart_sync.o
 .ARM.attributes
                0x0000023b       0x37 hal/utils/src/utils_assert.o
 .ARM.attributes
                0x00000272       0x37 hal/utils/src/utils_list.o
 .ARM.attributes
                0x000002a9       0x37 hal/utils/src/utils_ringbuffer.o
 .ARM.attributes
                0x000002e0       0x37 hpl/adc/hpl_adc.o
 .ARM.attributes
                0x00000317       0x37 hpl/core/hpl_core_m4.o
 .ARM.attributes
                0x0000034e       0x37 hpl/core/hpl_init.o
 .ARM.attributes
                0x00000385       0x37 hpl/dmac/hpl_dmac.o
 .ARM.attributes
                0x000003bc       0x37 hpl/gclk/hpl_gclk.o
 .ARM.attributes
                0x000003f3       0x37 hpl/mclk/hpl_mclk.o
 .ARM.attributes
                0x0000042a       0x37 hpl/osc32kctrl/hpl_osc32kctrl.o
 .ARM.attributes
                0x00000461       0x37 hpl/oscctrl/hpl_oscctrl.o
 .ARM.attributes
                0x00000498       0x37 hpl/ramecc/hpl_ramecc.o
 .ARM.attributes
                0x000004cf       0x37 hpl/sercom/hpl_sercom.o
 .ARM.attributes
                0x00000506       0x37 hpl/tc/hpl_tc.o
 .ARM.attributes
                0x0000053d       0x37 main.o
 .ARM.attributes
                0x00000574       0x2e c:/program files (x86)/atmel/studio/7.0/toolchain/arm/arm-gnu-toolchain/bin/../lib/gcc/arm-none-eabi/6.3.1/../../../../arm-none-eabi/lib/thumb/v7e-m\libc_nano.a(lib_a-init.o)
 .ARM.attributes
                0x000005a2       0x1e c:/program files (x86)/atmel/studio/7.0/toolchain/arm/arm-gnu-toolchain/bin/../lib/gcc/arm-none-eabi/6.3.1/thumb/v7e-m/crtn.o

.comment        0x00000000       0x59
 .comment       0x00000000       0x59 atmel_start.o
                                 0x5a (size before relaxing)
 .comment       0x00000059       0x5a Device_Startup/startup_samd51.o
 .comment       0x00000059       0x5a driver_init.o
 .comment       0x00000059       0x5a hal/src/hal_adc_async.o
 .comment       0x00000059       0x5a hal/src/hal_atomic.o
 .comment       0x00000059       0x5a hal/src/hal_pwm.o
 .comment       0x00000059       0x5a hal/src/hal_spi_m_async.o
 .comment       0x00000059       0x5a hal/src/hal_timer.o
 .comment       0x00000059       0x5a hal/src/hal_usart_sync.o
 .comment       0x00000059       0x5a hal/utils/src/utils_assert.o
 .comment       0x00000059       0x5a hal/utils/src/utils_list.o
 .comment       0x00000059       0x5a hal/utils/src/utils_ringbuffer.o
 .comment       0x00000059       0x5a hpl/adc/hpl_adc.o
 .comment       0x00000059       0x5a hpl/core/hpl_core_m4.o
 .comment       0x00000059       0x5a hpl/core/hpl_init.o
 .comment       0x00000059       0x5a hpl/dmac/hpl_dmac.o
 .comment       0x00000059       0x5a hpl/gclk/hpl_gclk.o
 .comment       0x00000059       0x5a hpl/mclk/hpl_mclk.o
 .comment       0x00000059       0x5a hpl/osc32kctrl/hpl_osc32kctrl.o
 .comment       0x00000059       0x5a hpl/oscctrl/hpl_oscctrl.o
 .comment       0x00000059       0x5a hpl/ramecc/hpl_ramecc.o
 .comment       0x00000059       0x5a hpl/sercom/hpl_sercom.o
 .comment       0x00000059       0x5a hpl/tc/hpl_tc.o
 .comment       0x00000059       0x5a main.o

.debug_info     0x00000000    0x2a988
 .debug_info    0x00000000      0x893 atmel_start.o
 .debug_info    0x00000893      0xd7a Device_Startup/startup_samd51.o
 .debug_info    0x0000160d     0x70b4 driver_init.o
 .debug_info    0x000086c1     0x143f hal/src/hal_adc_async.o
 .debug_info    0x00009b00      0x1fa hal/src/hal_atomic.o
 .debug_info    0x00009cfa      0x7f2 hal/src/hal_pwm.o
 .debug_info    0x0000a4ec     0x106e hal/src/hal_spi_m_async.o
 .debug_info    0x0000b55a      0xbe9 hal/src/hal_timer.o
 .debug_info    0x0000c143      0xcc9 hal/src/hal_usart_sync.o
 .debug_info    0x0000ce0c      0x130 hal/utils/src/utils_assert.o
 .debug_info    0x0000cf3c      0x33a hal/utils/src/utils_list.o
 .debug_info    0x0000d276      0x33e hal/utils/src/utils_ringbuffer.o
 .debug_info    0x0000d5b4     0x4408 hpl/adc/hpl_adc.o
 .debug_info    0x000119bc      0xc55 hpl/core/hpl_core_m4.o
 .debug_info    0x00012611     0x14b1 hpl/core/hpl_init.o
 .debug_info    0x00013ac2     0x3060 hpl/dmac/hpl_dmac.o
 .debug_info    0x00016b22      0x68b hpl/gclk/hpl_gclk.o
 .debug_info    0x000171ad      0xa0c hpl/mclk/hpl_mclk.o
 .debug_info    0x00017bb9      0x767 hpl/osc32kctrl/hpl_osc32kctrl.o
 .debug_info    0x00018320     0x1a49 hpl/oscctrl/hpl_oscctrl.o
 .debug_info    0x00019d69      0xc03 hpl/ramecc/hpl_ramecc.o
 .debug_info    0x0001a96c     0xbce7 hpl/sercom/hpl_sercom.o
 .debug_info    0x00026653     0x38dd hpl/tc/hpl_tc.o
 .debug_info    0x00029f30      0xa58 main.o

.debug_abbrev   0x00000000     0x39db
 .debug_abbrev  0x00000000      0x104 atmel_start.o
 .debug_abbrev  0x00000104      0x171 Device_Startup/startup_samd51.o
 .debug_abbrev  0x00000275      0x388 driver_init.o
 .debug_abbrev  0x000005fd      0x1fb hal/src/hal_adc_async.o
 .debug_abbrev  0x000007f8      0x155 hal/src/hal_atomic.o
 .debug_abbrev  0x0000094d      0x198 hal/src/hal_pwm.o
 .debug_abbrev  0x00000ae5      0x268 hal/src/hal_spi_m_async.o
 .debug_abbrev  0x00000d4d      0x232 hal/src/hal_timer.o
 .debug_abbrev  0x00000f7f      0x22f hal/src/hal_usart_sync.o
 .debug_abbrev  0x000011ae       0x9e hal/utils/src/utils_assert.o
 .debug_abbrev  0x0000124c      0x18d hal/utils/src/utils_list.o
 .debug_abbrev  0x000013d9      0x119 hal/utils/src/utils_ringbuffer.o
 .debug_abbrev  0x000014f2      0x51d hpl/adc/hpl_adc.o
 .debug_abbrev  0x00001a0f      0x2c2 hpl/core/hpl_core_m4.o
 .debug_abbrev  0x00001cd1      0x1df hpl/core/hpl_init.o
 .debug_abbrev  0x00001eb0      0x3b0 hpl/dmac/hpl_dmac.o
 .debug_abbrev  0x00002260      0x1c9 hpl/gclk/hpl_gclk.o
 .debug_abbrev  0x00002429      0x1bd hpl/mclk/hpl_mclk.o
 .debug_abbrev  0x000025e6      0x1ca hpl/osc32kctrl/hpl_osc32kctrl.o
 .debug_abbrev  0x000027b0      0x2a4 hpl/oscctrl/hpl_oscctrl.o
 .debug_abbrev  0x00002a54      0x2c8 hpl/ramecc/hpl_ramecc.o
 .debug_abbrev  0x00002d1c      0x5ef hpl/sercom/hpl_sercom.o
 .debug_abbrev  0x0000330b      0x558 hpl/tc/hpl_tc.o
 .debug_abbrev  0x00003863      0x178 main.o

.debug_loc      0x00000000    0x100f5
 .debug_loc     0x00000000       0x20 atmel_start.o
 .debug_loc     0x00000020       0x6b Device_Startup/startup_samd51.o
 .debug_loc     0x0000008b      0xc21 driver_init.o
 .debug_loc     0x00000cac      0xf9b hal/src/hal_adc_async.o
 .debug_loc     0x00001c47       0x13 hal/src/hal_atomic.o
 .debug_loc     0x00001c5a      0x3ac hal/src/hal_pwm.o
 .debug_loc     0x00002006      0xa34 hal/src/hal_spi_m_async.o
 .debug_loc     0x00002a3a      0x691 hal/src/hal_timer.o
 .debug_loc     0x000030cb      0x912 hal/src/hal_usart_sync.o
 .debug_loc     0x000039dd      0x29f hal/utils/src/utils_list.o
 .debug_loc     0x00003c7c      0x2bd hal/utils/src/utils_ringbuffer.o
 .debug_loc     0x00003f39     0x1be3 hpl/adc/hpl_adc.o
 .debug_loc     0x00005b1c      0x1d7 hpl/core/hpl_core_m4.o
 .debug_loc     0x00005cf3       0x64 hpl/core/hpl_init.o
 .debug_loc     0x00005d57      0xbd2 hpl/dmac/hpl_dmac.o
 .debug_loc     0x00006929      0x156 hpl/gclk/hpl_gclk.o
 .debug_loc     0x00006a7f       0x2c hpl/mclk/hpl_mclk.o
 .debug_loc     0x00006aab       0xb2 hpl/osc32kctrl/hpl_osc32kctrl.o
 .debug_loc     0x00006b5d      0x22f hpl/oscctrl/hpl_oscctrl.o
 .debug_loc     0x00006d8c      0x130 hpl/ramecc/hpl_ramecc.o
 .debug_loc     0x00006ebc     0x7caf hpl/sercom/hpl_sercom.o
 .debug_loc     0x0000eb6b     0x1529 hpl/tc/hpl_tc.o
 .debug_loc     0x00010094       0x61 main.o

.debug_aranges  0x00000000      0xe78
 .debug_aranges
                0x00000000       0x20 atmel_start.o
 .debug_aranges
                0x00000020       0x28 Device_Startup/startup_samd51.o
 .debug_aranges
                0x00000048       0x70 driver_init.o
 .debug_aranges
                0x000000b8       0xd0 hal/src/hal_adc_async.o
 .debug_aranges
                0x00000188       0x30 hal/src/hal_atomic.o
 .debug_aranges
                0x000001b8       0x60 hal/src/hal_pwm.o
 .debug_aranges
                0x00000218       0xb8 hal/src/hal_spi_m_async.o
 .debug_aranges
                0x000002d0       0x70 hal/src/hal_timer.o
 .debug_aranges
                0x00000340       0xa8 hal/src/hal_usart_sync.o
 .debug_aranges
                0x000003e8       0x20 hal/utils/src/utils_assert.o
 .debug_aranges
                0x00000408       0x48 hal/utils/src/utils_list.o
 .debug_aranges
                0x00000450       0x40 hal/utils/src/utils_ringbuffer.o
 .debug_aranges
                0x00000490      0x200 hpl/adc/hpl_adc.o
 .debug_aranges
                0x00000690       0x80 hpl/core/hpl_core_m4.o
 .debug_aranges
                0x00000710       0x20 hpl/core/hpl_init.o
 .debug_aranges
                0x00000730       0x98 hpl/dmac/hpl_dmac.o
 .debug_aranges
                0x000007c8       0x28 hpl/gclk/hpl_gclk.o
 .debug_aranges
                0x000007f0       0x20 hpl/mclk/hpl_mclk.o
 .debug_aranges
                0x00000810       0x20 hpl/osc32kctrl/hpl_osc32kctrl.o
 .debug_aranges
                0x00000830       0x28 hpl/oscctrl/hpl_oscctrl.o
 .debug_aranges
                0x00000858       0x30 hpl/ramecc/hpl_ramecc.o
 .debug_aranges
                0x00000888      0x500 hpl/sercom/hpl_sercom.o
 .debug_aranges
                0x00000d88       0xc8 hpl/tc/hpl_tc.o
 .debug_aranges
                0x00000e50       0x28 main.o

.debug_ranges   0x00000000     0x1310
 .debug_ranges  0x00000000       0x10 atmel_start.o
 .debug_ranges  0x00000010       0x18 Device_Startup/startup_samd51.o
 .debug_ranges  0x00000028       0x60 driver_init.o
 .debug_ranges  0x00000088       0xc0 hal/src/hal_adc_async.o
 .debug_ranges  0x00000148       0x20 hal/src/hal_atomic.o
 .debug_ranges  0x00000168       0x50 hal/src/hal_pwm.o
 .debug_ranges  0x000001b8       0xa8 hal/src/hal_spi_m_async.o
 .debug_ranges  0x00000260       0xa8 hal/src/hal_timer.o
 .debug_ranges  0x00000308       0x98 hal/src/hal_usart_sync.o
 .debug_ranges  0x000003a0       0x10 hal/utils/src/utils_assert.o
 .debug_ranges  0x000003b0       0x58 hal/utils/src/utils_list.o
 .debug_ranges  0x00000408       0x30 hal/utils/src/utils_ringbuffer.o
 .debug_ranges  0x00000438      0x208 hpl/adc/hpl_adc.o
 .debug_ranges  0x00000640       0x70 hpl/core/hpl_core_m4.o
 .debug_ranges  0x000006b0       0x10 hpl/core/hpl_init.o
 .debug_ranges  0x000006c0      0x108 hpl/dmac/hpl_dmac.o
 .debug_ranges  0x000007c8       0x18 hpl/gclk/hpl_gclk.o
 .debug_ranges  0x000007e0       0x10 hpl/mclk/hpl_mclk.o
 .debug_ranges  0x000007f0       0x10 hpl/osc32kctrl/hpl_osc32kctrl.o
 .debug_ranges  0x00000800       0x18 hpl/oscctrl/hpl_oscctrl.o
 .debug_ranges  0x00000818       0x38 hpl/ramecc/hpl_ramecc.o
 .debug_ranges  0x00000850      0x978 hpl/sercom/hpl_sercom.o
 .debug_ranges  0x000011c8      0x130 hpl/tc/hpl_tc.o
 .debug_ranges  0x000012f8       0x18 main.o

.debug_macro    0x00000000    0x2f240
 .debug_macro   0x00000000      0x7de atmel_start.o
 .debug_macro   0x000007de      0x8b0 atmel_start.o
 .debug_macro   0x0000108e      0x16d atmel_start.o
 .debug_macro   0x000011fb       0x22 atmel_start.o
 .debug_macro   0x0000121d       0x87 atmel_start.o
 .debug_macro   0x000012a4       0x51 atmel_start.o
 .debug_macro   0x000012f5       0xef atmel_start.o
 .debug_macro   0x000013e4       0x6a atmel_start.o
 .debug_macro   0x0000144e      0x1df atmel_start.o
 .debug_macro   0x0000162d       0x22 atmel_start.o
 .debug_macro   0x0000164f       0x54 atmel_start.o
 .debug_macro   0x000016a3       0x1c atmel_start.o
 .debug_macro   0x000016bf       0x22 atmel_start.o
 .debug_macro   0x000016e1       0xdf atmel_start.o
 .debug_macro   0x000017c0     0x102d atmel_start.o
 .debug_macro   0x000027ed      0x11f atmel_start.o
 .debug_macro   0x0000290c      0x706 atmel_start.o
 .debug_macro   0x00003012      0xb5b atmel_start.o
 .debug_macro   0x00003b6d      0x3c0 atmel_start.o
 .debug_macro   0x00003f2d      0x336 atmel_start.o
 .debug_macro   0x00004263      0x3b7 atmel_start.o
 .debug_macro   0x0000461a      0x668 atmel_start.o
 .debug_macro   0x00004c82     0x143f atmel_start.o
 .debug_macro   0x000060c1      0x651 atmel_start.o
 .debug_macro   0x00006712      0x67b atmel_start.o
 .debug_macro   0x00006d8d      0x6d7 atmel_start.o
 .debug_macro   0x00007464      0x172 atmel_start.o
 .debug_macro   0x000075d6      0x395 atmel_start.o
 .debug_macro   0x0000796b       0x3a atmel_start.o
 .debug_macro   0x000079a5      0x72a atmel_start.o
 .debug_macro   0x000080cf      0xb12 atmel_start.o
 .debug_macro   0x00008be1      0x59f atmel_start.o
 .debug_macro   0x00009180      0xbc0 atmel_start.o
 .debug_macro   0x00009d40      0x9b9 atmel_start.o
 .debug_macro   0x0000a6f9      0x2a3 atmel_start.o
 .debug_macro   0x0000a99c      0x877 atmel_start.o
 .debug_macro   0x0000b213      0x1ea atmel_start.o
 .debug_macro   0x0000b3fd      0x8f4 atmel_start.o
 .debug_macro   0x0000bcf1      0x216 atmel_start.o
 .debug_macro   0x0000bf07      0x3f9 atmel_start.o
 .debug_macro   0x0000c300      0x620 atmel_start.o
 .debug_macro   0x0000c920      0x10d atmel_start.o
 .debug_macro   0x0000ca2d       0xb8 atmel_start.o
 .debug_macro   0x0000cae5     0x1df7 atmel_start.o
 .debug_macro   0x0000e8dc     0x2e69 atmel_start.o
 .debug_macro   0x00011745     0x11ed atmel_start.o
 .debug_macro   0x00012932      0x50e atmel_start.o
 .debug_macro   0x00012e40      0x930 atmel_start.o
 .debug_macro   0x00013770     0x1ad8 atmel_start.o
 .debug_macro   0x00015248       0xe7 atmel_start.o
 .debug_macro   0x0001532f     0x13e6 atmel_start.o
 .debug_macro   0x00016715      0x36a atmel_start.o
 .debug_macro   0x00016a7f       0x94 atmel_start.o
 .debug_macro   0x00016b13       0xdc atmel_start.o
 .debug_macro   0x00016bef       0xe2 atmel_start.o
 .debug_macro   0x00016cd1       0xdc atmel_start.o
 .debug_macro   0x00016dad       0x46 atmel_start.o
 .debug_macro   0x00016df3       0x4c atmel_start.o
 .debug_macro   0x00016e3f       0xc4 atmel_start.o
 .debug_macro   0x00016f03      0x7d5 atmel_start.o
 .debug_macro   0x000176d8       0xb8 atmel_start.o
 .debug_macro   0x00017790       0x7c atmel_start.o
 .debug_macro   0x0001780c      0xc19 atmel_start.o
 .debug_macro   0x00018425       0x46 atmel_start.o
 .debug_macro   0x0001846b      0x25b atmel_start.o
 .debug_macro   0x000186c6      0x170 atmel_start.o
 .debug_macro   0x00018836       0x7c atmel_start.o
 .debug_macro   0x000188b2       0xbe atmel_start.o
 .debug_macro   0x00018970       0x4c atmel_start.o
 .debug_macro   0x000189bc       0x82 atmel_start.o
 .debug_macro   0x00018a3e      0x1a3 atmel_start.o
 .debug_macro   0x00018be1       0x46 atmel_start.o
 .debug_macro   0x00018c27       0x6a atmel_start.o
 .debug_macro   0x00018c91       0x46 atmel_start.o
 .debug_macro   0x00018cd7       0x88 atmel_start.o
 .debug_macro   0x00018d5f       0x46 atmel_start.o
 .debug_macro   0x00018da5      0x24e atmel_start.o
 .debug_macro   0x00018ff3       0x1c atmel_start.o
 .debug_macro   0x0001900f       0x76 atmel_start.o
 .debug_macro   0x00019085       0x3a atmel_start.o
 .debug_macro   0x000190bf       0x2e atmel_start.o
 .debug_macro   0x000190ed      0x196 atmel_start.o
 .debug_macro   0x00019283      0x16f atmel_start.o
 .debug_macro   0x000193f2      0x16f atmel_start.o
 .debug_macro   0x00019561      0x25d atmel_start.o
 .debug_macro   0x000197be      0x25d atmel_start.o
 .debug_macro   0x00019a1b      0x25d atmel_start.o
 .debug_macro   0x00019c78      0x25d atmel_start.o
 .debug_macro   0x00019ed5      0x25d atmel_start.o
 .debug_macro   0x0001a132      0x25d atmel_start.o
 .debug_macro   0x0001a38f      0x25d atmel_start.o
 .debug_macro   0x0001a5ec      0x25d atmel_start.o
 .debug_macro   0x0001a849       0x52 atmel_start.o
 .debug_macro   0x0001a89b       0xfa atmel_start.o
 .debug_macro   0x0001a995       0xfa atmel_start.o
 .debug_macro   0x0001aa8f       0xfa atmel_start.o
 .debug_macro   0x0001ab89       0xfa atmel_start.o
 .debug_macro   0x0001ac83       0xfa atmel_start.o
 .debug_macro   0x0001ad7d       0xfa atmel_start.o
 .debug_macro   0x0001ae77       0xfa atmel_start.o
 .debug_macro   0x0001af71       0xfa atmel_start.o
 .debug_macro   0x0001b06b      0x148 atmel_start.o
 .debug_macro   0x0001b1b3      0x124 atmel_start.o
 .debug_macro   0x0001b2d7      0x106 atmel_start.o
 .debug_macro   0x0001b3dd       0xee atmel_start.o
 .debug_macro   0x0001b4cb       0xee atmel_start.o
 .debug_macro   0x0001b5b9       0x2e atmel_start.o
 .debug_macro   0x0001b5e7      0x46a atmel_start.o
 .debug_macro   0x0001ba51       0x3a atmel_start.o
 .debug_macro   0x0001ba8b      0x559 atmel_start.o
 .debug_macro   0x0001bfe4     0x4c73 atmel_start.o
 .debug_macro   0x00020c57       0xcf atmel_start.o
 .debug_macro   0x00020d26       0x10 atmel_start.o
 .debug_macro   0x00020d36       0x10 atmel_start.o
 .debug_macro   0x00020d46       0x16 atmel_start.o
 .debug_macro   0x00020d5c       0x16 atmel_start.o
 .debug_macro   0x00020d72       0x16 atmel_start.o
 .debug_macro   0x00020d88       0x16 atmel_start.o
 .debug_macro   0x00020d9e       0x16 atmel_start.o
 .debug_macro   0x00020db4       0x40 atmel_start.o
 .debug_macro   0x00020df4       0x16 atmel_start.o
 .debug_macro   0x00020e0a       0x16 atmel_start.o
 .debug_macro   0x00020e20       0x16 atmel_start.o
 .debug_macro   0x00020e36       0x16 atmel_start.o
 .debug_macro   0x00020e4c       0x16 atmel_start.o
 .debug_macro   0x00020e62       0x16 atmel_start.o
 .debug_macro   0x00020e78       0x16 atmel_start.o
 .debug_macro   0x00020e8e       0x16 atmel_start.o
 .debug_macro   0x00020ea4       0x16 atmel_start.o
 .debug_macro   0x00020eba       0x16 atmel_start.o
 .debug_macro   0x00020ed0       0x16 atmel_start.o
 .debug_macro   0x00020ee6       0x16 atmel_start.o
 .debug_macro   0x00020efc       0x16 atmel_start.o
 .debug_macro   0x00020f12       0x16 atmel_start.o
 .debug_macro   0x00020f28       0x16 atmel_start.o
 .debug_macro   0x00020f3e       0x16 atmel_start.o
 .debug_macro   0x00020f54       0x16 atmel_start.o
 .debug_macro   0x00020f6a       0x16 atmel_start.o
 .debug_macro   0x00020f80       0x16 atmel_start.o
 .debug_macro   0x00020f96       0x16 atmel_start.o
 .debug_macro   0x00020fac      0xe5c atmel_start.o
 .debug_macro   0x00021e08      0x9b6 atmel_start.o
 .debug_macro   0x000227be       0x94 atmel_start.o
 .debug_macro   0x00022852       0x16 atmel_start.o
 .debug_macro   0x00022868       0xbe atmel_start.o
 .debug_macro   0x00022926      0x28c atmel_start.o
 .debug_macro   0x00022bb2       0x16 atmel_start.o
 .debug_macro   0x00022bc8      0x4d8 atmel_start.o
 .debug_macro   0x000230a0       0x16 atmel_start.o
 .debug_macro   0x000230b6       0xca atmel_start.o
 .debug_macro   0x00023180       0x1c atmel_start.o
 .debug_macro   0x0002319c       0x16 atmel_start.o
 .debug_macro   0x000231b2      0x185 atmel_start.o
 .debug_macro   0x00023337       0x82 atmel_start.o
 .debug_macro   0x000233b9       0xc9 atmel_start.o
 .debug_macro   0x00023482       0x1c atmel_start.o
 .debug_macro   0x0002349e       0x3a atmel_start.o
 .debug_macro   0x000234d8      0x480 Device_Startup/startup_samd51.o
 .debug_macro   0x00023958       0x4e Device_Startup/startup_samd51.o
 .debug_macro   0x000239a6      0x7ff driver_init.o
 .debug_macro   0x000241a5       0x6d driver_init.o
 .debug_macro   0x00024212      0x6a0 hal/src/hal_adc_async.o
 .debug_macro   0x000248b2      0x63b hal/src/hal_atomic.o
 .debug_macro   0x00024eed      0x670 hal/src/hal_pwm.o
 .debug_macro   0x0002555d      0x6a7 hal/src/hal_spi_m_async.o
 .debug_macro   0x00025c04      0x687 hal/src/hal_timer.o
 .debug_macro   0x0002628b      0x67b hal/src/hal_usart_sync.o
 .debug_macro   0x00026906      0x645 hal/utils/src/utils_assert.o
 .debug_macro   0x00026f4b       0x10 hal/utils/src/utils_assert.o
 .debug_macro   0x00026f5b      0x64a hal/utils/src/utils_list.o
 .debug_macro   0x000275a5      0x64a hal/utils/src/utils_ringbuffer.o
 .debug_macro   0x00027bef      0x6a4 hpl/adc/hpl_adc.o
 .debug_macro   0x00028293      0x6cc hpl/adc/hpl_adc.o
 .debug_macro   0x0002895f      0x6ba hpl/adc/hpl_adc.o
 .debug_macro   0x00029019       0xe0 hpl/adc/hpl_adc.o
 .debug_macro   0x000290f9      0x67a hpl/core/hpl_core_m4.o
 .debug_macro   0x00029773      0x6de hpl/core/hpl_init.o
 .debug_macro   0x00029e51       0x2e hpl/core/hpl_init.o
 .debug_macro   0x00029e7f      0xd7b hpl/core/hpl_init.o
 .debug_macro   0x0002abfa      0x684 hpl/dmac/hpl_dmac.o
 .debug_macro   0x0002b27e      0x654 hpl/gclk/hpl_gclk.o
 .debug_macro   0x0002b8d2      0x2f0 hpl/gclk/hpl_gclk.o
 .debug_macro   0x0002bbc2      0x64f hpl/mclk/hpl_mclk.o
 .debug_macro   0x0002c211      0x64a hpl/osc32kctrl/hpl_osc32kctrl.o
 .debug_macro   0x0002c85b       0x80 hpl/osc32kctrl/hpl_osc32kctrl.o
 .debug_macro   0x0002c8db      0x654 hpl/oscctrl/hpl_oscctrl.o
 .debug_macro   0x0002cf2f      0x216 hpl/oscctrl/hpl_oscctrl.o
 .debug_macro   0x0002d145      0x665 hpl/ramecc/hpl_ramecc.o
 .debug_macro   0x0002d7aa      0x897 hpl/sercom/hpl_sercom.o
 .debug_macro   0x0002e041       0x70 hpl/sercom/hpl_sercom.o
 .debug_macro   0x0002e0b1      0x185 hpl/sercom/hpl_sercom.o
 .debug_macro   0x0002e236       0x10 hpl/sercom/hpl_sercom.o
 .debug_macro   0x0002e246       0x22 hpl/sercom/hpl_sercom.o
 .debug_macro   0x0002e268       0x10 hpl/sercom/hpl_sercom.o
 .debug_macro   0x0002e278      0x6c7 hpl/tc/hpl_tc.o
 .debug_macro   0x0002e93f       0x10 hpl/tc/hpl_tc.o
 .debug_macro   0x0002e94f       0x83 hpl/tc/hpl_tc.o
 .debug_macro   0x0002e9d2       0x90 hpl/tc/hpl_tc.o
 .debug_macro   0x0002ea62      0x7de main.o

.debug_line     0x00000000    0x15eb8
 .debug_line    0x00000000      0xddd atmel_start.o
 .debug_line    0x00000ddd      0x88c Device_Startup/startup_samd51.o
 .debug_line    0x00001669      0xf9a driver_init.o
 .debug_line    0x00002603      0xe94 hal/src/hal_adc_async.o
 .debug_line    0x00003497      0xbb5 hal/src/hal_atomic.o
 .debug_line    0x0000404c      0xc77 hal/src/hal_pwm.o
 .debug_line    0x00004cc3      0xde1 hal/src/hal_spi_m_async.o
 .debug_line    0x00005aa4      0xd62 hal/src/hal_timer.o
 .debug_line    0x00006806      0xdae hal/src/hal_usart_sync.o
 .debug_line    0x000075b4      0xb8a hal/utils/src/utils_assert.o
 .debug_line    0x0000813e      0xc1d hal/utils/src/utils_list.o
 .debug_line    0x00008d5b      0xc29 hal/utils/src/utils_ringbuffer.o
 .debug_line    0x00009984     0x1557 hpl/adc/hpl_adc.o
 .debug_line    0x0000aedb      0xd05 hpl/core/hpl_core_m4.o
 .debug_line    0x0000bbe0      0xca6 hpl/core/hpl_init.o
 .debug_line    0x0000c886      0xefb hpl/dmac/hpl_dmac.o
 .debug_line    0x0000d781      0xbef hpl/gclk/hpl_gclk.o
 .debug_line    0x0000e370      0xbad hpl/mclk/hpl_mclk.o
 .debug_line    0x0000ef1d      0xbbe hpl/osc32kctrl/hpl_osc32kctrl.o
 .debug_line    0x0000fadb      0xcde hpl/oscctrl/hpl_oscctrl.o
 .debug_line    0x000107b9      0xc50 hpl/ramecc/hpl_ramecc.o
 .debug_line    0x00011409     0x2b28 hpl/sercom/hpl_sercom.o
 .debug_line    0x00013f31     0x1196 hpl/tc/hpl_tc.o
 .debug_line    0x000150c7      0xdf1 main.o

.debug_str      0x00000000   0x101ee4
 .debug_str     0x00000000    0xeb76d atmel_start.o
                              0xebd5e (size before relaxing)
 .debug_str     0x000eb76d      0xbf2 Device_Startup/startup_samd51.o
                              0xd43e3 (size before relaxing)
 .debug_str     0x000ec35f     0x1a4b driver_init.o
                              0xed8bb (size before relaxing)
 .debug_str     0x000eddaa      0x5f0 hal/src/hal_adc_async.o
                              0xeab85 (size before relaxing)
 .debug_str     0x000ee39a       0x6a hal/src/hal_atomic.o
                              0xe9cf0 (size before relaxing)
 .debug_str     0x000ee404      0x185 hal/src/hal_pwm.o
                              0xea47b (size before relaxing)
 .debug_str     0x000ee589      0x485 hal/src/hal_spi_m_async.o
                              0xeabc5 (size before relaxing)
 .debug_str     0x000eea0e      0x2c8 hal/src/hal_timer.o
                              0xea61d (size before relaxing)
 .debug_str     0x000eecd6      0x4a7 hal/src/hal_usart_sync.o
                              0xea82b (size before relaxing)
 .debug_str     0x000ef17d       0x2f hal/utils/src/utils_assert.o
                              0xe9d00 (size before relaxing)
 .debug_str     0x000ef1ac       0x31 hal/utils/src/utils_list.o
                              0xe9daa (size before relaxing)
 .debug_str     0x000ef1dd       0x24 hal/utils/src/utils_ringbuffer.o
                              0xe9d94 (size before relaxing)
 .debug_str     0x000ef201     0x71ec hpl/adc/hpl_adc.o
                              0xf1811 (size before relaxing)
 .debug_str     0x000f63ed      0x169 hpl/core/hpl_core_m4.o
                              0xeadf4 (size before relaxing)
 .debug_str     0x000f6556     0x312d hpl/core/hpl_init.o
                              0xee44d (size before relaxing)
 .debug_str     0x000f9683     0x136b hpl/dmac/hpl_dmac.o
                              0xf403b (size before relaxing)
 .debug_str     0x000fa9ee      0xbf6 hpl/gclk/hpl_gclk.o
                              0xeaa2d (size before relaxing)
 .debug_str     0x000fb5e4       0x47 hpl/mclk/hpl_mclk.o
                              0xea324 (size before relaxing)
 .debug_str     0x000fb62b      0x4a6 hpl/osc32kctrl/hpl_osc32kctrl.o
                              0xea1a7 (size before relaxing)
 .debug_str     0x000fbad1      0xcd2 hpl/oscctrl/hpl_oscctrl.o
                              0xeb6cc (size before relaxing)
 .debug_str     0x000fc7a3      0x25d hpl/ramecc/hpl_ramecc.o
                              0xeac18 (size before relaxing)
 .debug_str     0x000fca00     0x488c hpl/sercom/hpl_sercom.o
                              0xf06b4 (size before relaxing)
 .debug_str     0x0010128c      0xc2d hpl/tc/hpl_tc.o
                              0xebf0b (size before relaxing)
 .debug_str     0x00101eb9       0x2b main.o
                              0xebe30 (size before relaxing)

.debug_frame    0x00000000     0x253c
 .debug_frame   0x00000000       0x28 atmel_start.o
 .debug_frame   0x00000028       0x38 Device_Startup/startup_samd51.o
 .debug_frame   0x00000060       0xf4 driver_init.o
 .debug_frame   0x00000154      0x2d0 hal/src/hal_adc_async.o
 .debug_frame   0x00000424       0x40 hal/src/hal_atomic.o
 .debug_frame   0x00000464       0xec hal/src/hal_pwm.o
 .debug_frame   0x00000550      0x224 hal/src/hal_spi_m_async.o
 .debug_frame   0x00000774      0x148 hal/src/hal_timer.o
 .debug_frame   0x000008bc      0x1f8 hal/src/hal_usart_sync.o
 .debug_frame   0x00000ab4       0x20 hal/utils/src/utils_assert.o
 .debug_frame   0x00000ad4       0x9c hal/utils/src/utils_list.o
 .debug_frame   0x00000b70       0x94 hal/utils/src/utils_ringbuffer.o
 .debug_frame   0x00000c04      0x49c hpl/adc/hpl_adc.o
 .debug_frame   0x000010a0       0xec hpl/core/hpl_core_m4.o
 .debug_frame   0x0000118c       0x28 hpl/core/hpl_init.o
 .debug_frame   0x000011b4      0x16c hpl/dmac/hpl_dmac.o
 .debug_frame   0x00001320       0x30 hpl/gclk/hpl_gclk.o
 .debug_frame   0x00001350       0x20 hpl/mclk/hpl_mclk.o
 .debug_frame   0x00001370       0x20 hpl/osc32kctrl/hpl_osc32kctrl.o
 .debug_frame   0x00001390       0x30 hpl/oscctrl/hpl_oscctrl.o
 .debug_frame   0x000013c0       0x4c hpl/ramecc/hpl_ramecc.o
 .debug_frame   0x0000140c      0xecc hpl/sercom/hpl_sercom.o
 .debug_frame   0x000022d8      0x1f8 hpl/tc/hpl_tc.o
 .debug_frame   0x000024d0       0x40 main.o
 .debug_frame   0x00002510       0x2c c:/program files (x86)/atmel/studio/7.0/toolchain/arm/arm-gnu-toolchain/bin/../lib/gcc/arm-none-eabi/6.3.1/../../../../arm-none-eabi/lib/thumb/v7e-m\libc_nano.a(lib_a-init.o)
