Archive member included to satisfy reference by file (symbol)

c:/program files (x86)/atmel/studio/7.0/toolchain/arm/arm-gnu-toolchain/bin/../lib/gcc/arm-none-eabi/6.3.1/../../../../arm-none-eabi/lib/thumb/v7e-m\libc.a(lib_a-exit.o)
                              c:/program files (x86)/atmel/studio/7.0/toolchain/arm/arm-gnu-toolchain/bin/../lib/gcc/arm-none-eabi/6.3.1/../../../../arm-none-eabi/lib/thumb/v7e-m/crt0.o (exit)
c:/program files (x86)/atmel/studio/7.0/toolchain/arm/arm-gnu-toolchain/bin/../lib/gcc/arm-none-eabi/6.3.1/../../../../arm-none-eabi/lib/thumb/v7e-m\libc.a(lib_a-impure.o)
                              c:/program files (x86)/atmel/studio/7.0/toolchain/arm/arm-gnu-toolchain/bin/../lib/gcc/arm-none-eabi/6.3.1/../../../../arm-none-eabi/lib/thumb/v7e-m\libc.a(lib_a-exit.o) (_global_impure_ptr)
c:/program files (x86)/atmel/studio/7.0/toolchain/arm/arm-gnu-toolchain/bin/../lib/gcc/arm-none-eabi/6.3.1/../../../../arm-none-eabi/lib/thumb/v7e-m\libc.a(lib_a-init.o)
                              c:/program files (x86)/atmel/studio/7.0/toolchain/arm/arm-gnu-toolchain/bin/../lib/gcc/arm-none-eabi/6.3.1/../../../../arm-none-eabi/lib/thumb/v7e-m/crt0.o (__libc_init_array)
c:/program files (x86)/atmel/studio/7.0/toolchain/arm/arm-gnu-toolchain/bin/../lib/gcc/arm-none-eabi/6.3.1/../../../../arm-none-eabi/lib/thumb/v7e-m\libc.a(lib_a-memset.o)
                              c:/program files (x86)/atmel/studio/7.0/toolchain/arm/arm-gnu-toolchain/bin/../lib/gcc/arm-none-eabi/6.3.1/../../../../arm-none-eabi/lib/thumb/v7e-m/crt0.o (memset)
c:/program files (x86)/atmel/studio/7.0/toolchain/arm/arm-gnu-toolchain/bin/../lib/gcc/arm-none-eabi/6.3.1/../../../../arm-none-eabi/lib/thumb/v7e-m\libc.a(lib_a-printf.o)
                              hal/utils/src/utils_syscalls.o (printf)
c:/program files (x86)/atmel/studio/7.0/toolchain/arm/arm-gnu-toolchain/bin/../lib/gcc/arm-none-eabi/6.3.1/../../../../arm-none-eabi/lib/thumb/v7e-m\libc.a(lib_a-vfprintf.o)
                              c:/program files (x86)/atmel/studio/7.0/toolchain/arm/arm-gnu-toolchain/bin/../lib/gcc/arm-none-eabi/6.3.1/../../../../arm-none-eabi/lib/thumb/v7e-m\libc.a(lib_a-printf.o) (_vfprintf_r)
c:/program files (x86)/atmel/studio/7.0/toolchain/arm/arm-gnu-toolchain/bin/../lib/gcc/arm-none-eabi/6.3.1/../../../../arm-none-eabi/lib/thumb/v7e-m\libc.a(lib_a-wsetup.o)
                              c:/program files (x86)/atmel/studio/7.0/toolchain/arm/arm-gnu-toolchain/bin/../lib/gcc/arm-none-eabi/6.3.1/../../../../arm-none-eabi/lib/thumb/v7e-m\libc.a(lib_a-vfprintf.o) (__swsetup_r)
c:/program files (x86)/atmel/studio/7.0/toolchain/arm/arm-gnu-toolchain/bin/../lib/gcc/arm-none-eabi/6.3.1/../../../../arm-none-eabi/lib/thumb/v7e-m\libc.a(lib_a-__call_atexit.o)
                              c:/program files (x86)/atmel/studio/7.0/toolchain/arm/arm-gnu-toolchain/bin/../lib/gcc/arm-none-eabi/6.3.1/../../../../arm-none-eabi/lib/thumb/v7e-m\libc.a(lib_a-exit.o) (__call_exitprocs)
c:/program files (x86)/atmel/studio/7.0/toolchain/arm/arm-gnu-toolchain/bin/../lib/gcc/arm-none-eabi/6.3.1/../../../../arm-none-eabi/lib/thumb/v7e-m\libc.a(lib_a-atexit.o)
                              c:/program files (x86)/atmel/studio/7.0/toolchain/arm/arm-gnu-toolchain/bin/../lib/gcc/arm-none-eabi/6.3.1/../../../../arm-none-eabi/lib/thumb/v7e-m\libc.a(lib_a-__call_atexit.o) (atexit)
c:/program files (x86)/atmel/studio/7.0/toolchain/arm/arm-gnu-toolchain/bin/../lib/gcc/arm-none-eabi/6.3.1/../../../../arm-none-eabi/lib/thumb/v7e-m\libc.a(lib_a-dtoa.o)
                              c:/program files (x86)/atmel/studio/7.0/toolchain/arm/arm-gnu-toolchain/bin/../lib/gcc/arm-none-eabi/6.3.1/../../../../arm-none-eabi/lib/thumb/v7e-m\libc.a(lib_a-vfprintf.o) (_dtoa_r)
c:/program files (x86)/atmel/studio/7.0/toolchain/arm/arm-gnu-toolchain/bin/../lib/gcc/arm-none-eabi/6.3.1/../../../../arm-none-eabi/lib/thumb/v7e-m\libc.a(lib_a-fflush.o)
                              c:/program files (x86)/atmel/studio/7.0/toolchain/arm/arm-gnu-toolchain/bin/../lib/gcc/arm-none-eabi/6.3.1/../../../../arm-none-eabi/lib/thumb/v7e-m\libc.a(lib_a-vfprintf.o) (_fflush_r)
c:/program files (x86)/atmel/studio/7.0/toolchain/arm/arm-gnu-toolchain/bin/../lib/gcc/arm-none-eabi/6.3.1/../../../../arm-none-eabi/lib/thumb/v7e-m\libc.a(lib_a-findfp.o)
                              c:/program files (x86)/atmel/studio/7.0/toolchain/arm/arm-gnu-toolchain/bin/../lib/gcc/arm-none-eabi/6.3.1/../../../../arm-none-eabi/lib/thumb/v7e-m\libc.a(lib_a-vfprintf.o) (__sinit)
c:/program files (x86)/atmel/studio/7.0/toolchain/arm/arm-gnu-toolchain/bin/../lib/gcc/arm-none-eabi/6.3.1/../../../../arm-none-eabi/lib/thumb/v7e-m\libc.a(lib_a-fini.o)
                              c:/program files (x86)/atmel/studio/7.0/toolchain/arm/arm-gnu-toolchain/bin/../lib/gcc/arm-none-eabi/6.3.1/../../../../arm-none-eabi/lib/thumb/v7e-m\libc.a(lib_a-__call_atexit.o) (__libc_fini_array)
[...]
Memory Configuration

Name             Origin             Length             Attributes
rom              0x00000000         0x00100000         xr
ram              0x20000000         0x00040000         xrw
bkupram          0x47000000         0x00002000         xrw
qspi             0x04000000         0x01000000         xrw
*default*        0x00000000         0xffffffff

Linker script and memory map

LOAD c:/program files (x86)/atmel/studio/7.0/toolchain/arm/arm-gnu-toolchain/bin/../lib/gcc/arm-none-eabi/6.3.1/thumb/v7e-m/crti.o
LOAD c:/program files (x86)/atmel/studio/7.0/toolchain/arm/arm-gnu-toolchain/bin/../lib/gcc/arm-none-eabi/6.3.1/thumb/v7e-m/crtbegin.o
LOAD c:/program files (x86)/atmel/studio/7.0/toolchain/arm/arm-gnu-toolchain/bin/../lib/gcc/arm-none-eabi/6.3.1/../../../../arm-none-eabi/lib/thumb/v7e-m/crt0.o
LOAD atmel_start.o
LOAD Device_Startup/startup_samd51.o
LOAD Device_Startup/system_samd51.o
LOAD driver_init.o
LOAD examples/driver_examples.o
LOAD hal/src/hal_atomic.o
LOAD hal/src/hal_cache.o
LOAD hal/src/hal_delay.o
LOAD hal/src/hal_gpio.o
LOAD hal/src/hal_init.o
LOAD hal/src/hal_io.o
LOAD hal/src/hal_sleep.o
LOAD hal/utils/src/utils_assert.o
LOAD hal/utils/src/utils_event.o
LOAD hal/utils/src/utils_list.o
LOAD hal/utils/src/utils_syscalls.o
LOAD hpl/cmcc/hpl_cmcc.o
LOAD hpl/core/hpl_core_m4.o
LOAD hpl/core/hpl_init.o
LOAD hpl/dmac/hpl_dmac.o
LOAD hpl/gclk/hpl_gclk.o
LOAD hpl/mclk/hpl_mclk.o
LOAD hpl/osc32kctrl/hpl_osc32kctrl.o
LOAD hpl/oscctrl/hpl_oscctrl.o
LOAD hpl/pm/hpl_pm.o
LOAD hpl/ramecc/hpl_ramecc.o
LOAD main.o
START GROUP
LOAD c:/program files (x86)/atmel/studio/7.0/toolchain/arm/arm-gnu-toolchain/bin/../lib/gcc/arm-none-eabi/6.3.1/../../../../arm-none-eabi/lib/thumb/v7e-m\libm.a
END GROUP
START GROUP
LOAD c:/program files (x86)/atmel/studio/7.0/toolchain/arm/arm-gnu-toolchain/bin/../lib/gcc/arm-none-eabi/6.3.1/thumb/v7e-m\libgcc.a
LOAD c:/program files (x86)/atmel/studio/7.0/toolchain/arm/arm-gnu-toolchain/bin/../lib/gcc/arm-none-eabi/6.3.1/../../../../arm-none-eabi/lib/thumb/v7e-m\libc.a
END GROUP
LOAD c:/program files (x86)/atmel/studio/7.0/toolchain/arm/arm-gnu-toolchain/bin/../lib/gcc/arm-none-eabi/6.3.1/thumb/v7e-m/crtend.o
LOAD c:/program files (x86)/atmel/studio/7.0/toolchain/arm/arm-gnu-toolchain/bin/../lib/gcc/arm-none-eabi/6.3.1/thumb/v7e-m/crtn.o
                0x00010000                STACK_SIZE = DEFINED (STACK_SIZE)?STACK_SIZE:DEFINED (__stack_size__)?__stack_size__:0x10000

.text           0x00000000      0x774
                0x00000000                . = ALIGN (0x4)
                0x00000000                _sfixed = .
 *(.vectors .vectors.*)
 .vectors       0x00000000      0x264 Device_Startup/startup_samd51.o
                0x00000000                exception_table
 *(.text .text.* .gnu.linkonce.t.*)
 .text          0x00000264       0x6c c:/program files (x86)/atmel/studio/7.0/toolchain/arm/arm-gnu-toolchain/bin/../lib/gcc/arm-none-eabi/6.3.1/thumb/v7e-m/crtbegin.o
 .text.atmel_start_init
                0x000002d0        0xc atmel_start.o
                0x000002d0                atmel_start_init
 .text.Dummy_Handler
                0x000002dc        0x2 Device_Startup/startup_samd51.o
                0x000002dc                EIC_5_Handler
                0x000002dc                SVCall_Handler
                0x000002dc                SERCOM0_2_Handler
                0x000002dc                EIC_13_Handler
                0x000002dc                EVSYS_0_Handler
                0x000002dc                TCC1_3_Handler
                0x000002dc                DAC_3_Handler
                0x000002dc                TRNG_Handler
                0x000002dc                HardFault_Handler
                0x000002dc                TC2_Handler
                0x000002dc                PDEC_2_Handler
                0x000002dc                EIC_4_Handler
                0x000002dc                AC_Handler
                0x000002dc                SERCOM3_1_Handler
                0x000002dc                SysTick_Handler
                0x000002dc                TCC2_3_Handler
                0x000002dc                SERCOM3_2_Handler
                0x000002dc                PendSV_Handler
                0x000002dc                TC7_Handler
                0x000002dc                ADC1_1_Handler
                0x000002dc                EVSYS_3_Handler
                0x000002dc                PDEC_0_Handler
                0x000002dc                QSPI_Handler
                0x000002dc                NonMaskableInt_Handler
                0x000002dc                TCC0_0_Handler
                0x000002dc                EIC_3_Handler
                0x000002dc                MemManagement_Handler
                0x000002dc                DAC_2_Handler
                0x000002dc                SERCOM0_0_Handler
                0x000002dc                RTC_Handler
                0x000002dc                UsageFault_Handler
                0x000002dc                SERCOM4_0_Handler
                0x000002dc                EIC_10_Handler
                0x000002dc                SERCOM0_3_Handler
                0x000002dc                EIC_11_Handler
                0x000002dc                EIC_9_Handler
                0x000002dc                OSC32KCTRL_Handler
                0x000002dc                TCC2_1_Handler
                0x000002dc                SUPC_1_Handler
                0x000002dc                TCC0_5_Handler
                0x000002dc                TCC0_6_Handler
                0x000002dc                SERCOM6_2_Handler
                0x000002dc                EVSYS_1_Handler
                0x000002dc                TCC1_4_Handler
                0x000002dc                TC6_Handler
                0x000002dc                DMAC_0_Handler
                0x000002dc                WDT_Handler
                0x000002dc                EIC_8_Handler
                0x000002dc                EIC_15_Handler
                0x000002dc                SERCOM6_0_Handler
                0x000002dc                SERCOM5_0_Handler
                0x000002dc                TC4_Handler
                0x000002dc                TC1_Handler
                0x000002dc                OSCCTRL_4_Handler
                0x000002dc                SERCOM4_3_Handler
                0x000002dc                EIC_12_Handler
                0x000002dc                DMAC_4_Handler
                0x000002dc                TCC4_2_Handler
                0x000002dc                PAC_Handler
                0x000002dc                TCC1_0_Handler
                0x000002dc                USB_0_Handler
                0x000002dc                OSCCTRL_0_Handler
                0x000002dc                EIC_0_Handler
                0x000002dc                OSCCTRL_3_Handler
                0x000002dc                SERCOM4_1_Handler
                0x000002dc                TC3_Handler
                0x000002dc                Dummy_Handler
                0x000002dc                TCC3_0_Handler
                0x000002dc                TCC2_2_Handler
                0x000002dc                SERCOM5_1_Handler
                0x000002dc                TCC1_1_Handler
                0x000002dc                DMAC_2_Handler
                0x000002dc                ADC0_0_Handler
                0x000002dc                SERCOM0_1_Handler
                0x000002dc                OSCCTRL_2_Handler
                0x000002dc                ADC1_0_Handler
                0x000002dc                TCC1_2_Handler
                0x000002dc                SERCOM7_1_Handler
                0x000002dc                USB_1_Handler
                0x000002dc                PM_Handler
                0x000002dc                SERCOM6_3_Handler
                0x000002dc                SERCOM2_3_Handler
                0x000002dc                DAC_4_Handler
                0x000002dc                TCC3_2_Handler
                0x000002dc                SERCOM7_0_Handler
                0x000002dc                TCC0_2_Handler
                0x000002dc                DMAC_1_Handler
                0x000002dc                TCC4_0_Handler
                0x000002dc                SERCOM7_3_Handler
                0x000002dc                SDHC1_Handler
                0x000002dc                USB_3_Handler
                0x000002dc                SERCOM7_2_Handler
                0x000002dc                TCC2_0_Handler
                0x000002dc                PDEC_1_Handler
                0x000002dc                TCC4_1_Handler
                0x000002dc                SERCOM5_3_Handler
                0x000002dc                USB_2_Handler
                0x000002dc                SERCOM6_1_Handler
                0x000002dc                SDHC0_Handler
                0x000002dc                SERCOM1_1_Handler
                0x000002dc                I2S_Handler
                0x000002dc                EIC_2_Handler
                0x000002dc                PCC_Handler
                0x000002dc                DAC_0_Handler
                0x000002dc                TCC0_1_Handler
                0x000002dc                SERCOM1_3_Handler
                0x000002dc                EIC_6_Handler
                0x000002dc                OSCCTRL_1_Handler
                0x000002dc                SERCOM1_0_Handler
                0x000002dc                PUKCC_Handler
                0x000002dc                SERCOM2_1_Handler
                0x000002dc                SERCOM1_2_Handler
                0x000002dc                SERCOM3_0_Handler
                0x000002dc                EIC_1_Handler
                0x000002dc                SERCOM4_2_Handler
                0x000002dc                EVSYS_4_Handler
                0x000002dc                EIC_7_Handler
                0x000002dc                NVMCTRL_1_Handler
                0x000002dc                SERCOM5_2_Handler
                0x000002dc                SERCOM3_3_Handler
                0x000002dc                ADC0_1_Handler
                0x000002dc                SERCOM2_2_Handler
                0x000002dc                TCC3_1_Handler
                0x000002dc                EIC_14_Handler
                0x000002dc                DAC_1_Handler
                0x000002dc                NVMCTRL_0_Handler
                0x000002dc                MCLK_Handler
                0x000002dc                EVSYS_2_Handler
                0x000002dc                SUPC_0_Handler
                0x000002dc                BusFault_Handler
                0x000002dc                FREQM_Handler
                0x000002dc                TC0_Handler
                0x000002dc                TCC0_3_Handler
                0x000002dc                DMAC_3_Handler
                0x000002dc                DebugMonitor_Handler
                0x000002dc                TCC0_4_Handler
                0x000002dc                TC5_Handler
                0x000002dc                SERCOM2_0_Handler
                0x000002dc                AES_Handler
                0x000002dc                ICM_Handler
 *fill*         0x000002de        0x2 
 .text.Reset_Handler
                0x000002e0       0x98 Device_Startup/startup_samd51.o
                0x000002e0                Reset_Handler
 .text.system_init
                0x00000378        0xc driver_init.o
                0x00000378                system_init
 .text.delay_ms
                0x00000384       0x20 hal/src/hal_delay.o
                0x00000384                delay_ms
 .text._get_cycles_for_ms
                0x000003a4       0x1c hpl/core/hpl_core_m4.o
                0x000003a4                _get_cycles_for_ms
 .text._delay_cycles
                0x000003c0        0x8 hpl/core/hpl_core_m4.o
                0x000003c0                _delay_cycles
 .text._init_chip
                0x000003c8       0x40 hpl/core/hpl_init.o
                0x000003c8                _init_chip
 .text._gclk_init_generators_by_fref
                0x00000408       0x40 hpl/gclk/hpl_gclk.o
                0x00000408                _gclk_init_generators_by_fref
 .text._mclk_init
                0x00000448        0xc hpl/mclk/hpl_mclk.o
                0x00000448                _mclk_init
 .text._osc32kctrl_init_sources
                0x00000454       0x18 hpl/osc32kctrl/hpl_osc32kctrl.o
                0x00000454                _osc32kctrl_init_sources
 .text._oscctrl_init_sources
                0x0000046c        0x2 hpl/oscctrl/hpl_oscctrl.o
                0x0000046c                _oscctrl_init_sources
 *fill*         0x0000046e        0x2 
 .text._oscctrl_init_referenced_generators
                0x00000470       0xe8 hpl/oscctrl/hpl_oscctrl.o
                0x00000470                _oscctrl_init_referenced_generators
 .text.RAMECC_Handler
                0x00000558       0x44 hpl/ramecc/hpl_ramecc.o
                0x00000558                RAMECC_Handler
 .text.main     0x0000059c       0x40 main.o
                0x0000059c                main
 .text.__libc_init_array
                0x000005dc       0x50 c:/program files (x86)/atmel/studio/7.0/toolchain/arm/arm-gnu-toolchain/bin/../lib/gcc/arm-none-eabi/6.3.1/../../../../arm-none-eabi/lib/thumb/v7e-m\libc.a(lib_a-init.o)
                0x000005dc                __libc_init_array
 .text.startup.register_fini
                0x0000062c       0x14 c:/program files (x86)/atmel/studio/7.0/toolchain/arm/arm-gnu-toolchain/bin/../lib/gcc/arm-none-eabi/6.3.1/../../../../arm-none-eabi/lib/thumb/v7e-m\libc.a(lib_a-__call_atexit.o)
 .text.atexit   0x00000640        0xc c:/program files (x86)/atmel/studio/7.0/toolchain/arm/arm-gnu-toolchain/bin/../lib/gcc/arm-none-eabi/6.3.1/../../../../arm-none-eabi/lib/thumb/v7e-m\libc.a(lib_a-atexit.o)
                0x00000640                atexit
 .text.__libc_fini_array
                0x0000064c       0x34 c:/program files (x86)/atmel/studio/7.0/toolchain/arm/arm-gnu-toolchain/bin/../lib/gcc/arm-none-eabi/6.3.1/../../../../arm-none-eabi/lib/thumb/v7e-m\libc.a(lib_a-fini.o)
                0x0000064c                __libc_fini_array
 .text.__retarget_lock_acquire_recursive
                0x00000680        0x4 c:/program files (x86)/atmel/studio/7.0/toolchain/arm/arm-gnu-toolchain/bin/../lib/gcc/arm-none-eabi/6.3.1/../../../../arm-none-eabi/lib/thumb/v7e-m\libc.a(lib_a-lock.o)
                0x00000680                __retarget_lock_acquire_recursive
 .text.__retarget_lock_release_recursive
                0x00000684        0x4 c:/program files (x86)/atmel/studio/7.0/toolchain/arm/arm-gnu-toolchain/bin/../lib/gcc/arm-none-eabi/6.3.1/../../../../arm-none-eabi/lib/thumb/v7e-m\libc.a(lib_a-lock.o)
                0x00000684                __retarget_lock_release_recursive
 .text.__register_exitproc
                0x00000688       0xc4 c:/program files (x86)/atmel/studio/7.0/toolchain/arm/arm-gnu-toolchain/bin/../lib/gcc/arm-none-eabi/6.3.1/../../../../arm-none-eabi/lib/thumb/v7e-m\libc.a(lib_a-__atexit.o)
                0x00000688                __register_exitproc
 *(.glue_7t)
 .glue_7t       0x0000074c        0x0 linker stubs
 *(.glue_7)
 .glue_7        0x0000074c        0x0 linker stubs
 *(.rodata .rodata* .gnu.linkonce.r.*)
 .rodata._global_impure_ptr
                0x0000074c        0x4 c:/program files (x86)/atmel/studio/7.0/toolchain/arm/arm-gnu-toolchain/bin/../lib/gcc/arm-none-eabi/6.3.1/../../../../arm-none-eabi/lib/thumb/v7e-m\libc.a(lib_a-impure.o)
                0x0000074c                _global_impure_ptr
 *(.ARM.extab* .gnu.linkonce.armextab.*)
                0x00000750                . = ALIGN (0x4)
 *(.init)
 .init          0x00000750        0x4 c:/program files (x86)/atmel/studio/7.0/toolchain/arm/arm-gnu-toolchain/bin/../lib/gcc/arm-none-eabi/6.3.1/thumb/v7e-m/crti.o
                0x00000750                _init
 .init          0x00000754        0x8 c:/program files (x86)/atmel/studio/7.0/toolchain/arm/arm-gnu-toolchain/bin/../lib/gcc/arm-none-eabi/6.3.1/thumb/v7e-m/crtn.o
                0x0000075c                . = ALIGN (0x4)
                0x0000075c                __preinit_array_start = .
 *(.preinit_array)
                0x0000075c                __preinit_array_end = .
                0x0000075c                . = ALIGN (0x4)
                0x0000075c                __init_array_start = .
 *(SORT(.init_array.*))
 .init_array.00000
                0x0000075c        0x4 c:/program files (x86)/atmel/studio/7.0/toolchain/arm/arm-gnu-toolchain/bin/../lib/gcc/arm-none-eabi/6.3.1/../../../../arm-none-eabi/lib/thumb/v7e-m\libc.a(lib_a-__call_atexit.o)
 *(.init_array)
 .init_array    0x00000760        0x4 c:/program files (x86)/atmel/studio/7.0/toolchain/arm/arm-gnu-toolchain/bin/../lib/gcc/arm-none-eabi/6.3.1/thumb/v7e-m/crtbegin.o
                0x00000764                __init_array_end = .
                0x00000764                . = ALIGN (0x4)
 *crtbegin.o(.ctors)
 *(EXCLUDE_FILE(*crtend.o) .ctors)
 *(SORT(.ctors.*))
 *crtend.o(.ctors)
                0x00000764                . = ALIGN (0x4)
 *(.fini)
 .fini          0x00000764        0x4 c:/program files (x86)/atmel/studio/7.0/toolchain/arm/arm-gnu-toolchain/bin/../lib/gcc/arm-none-eabi/6.3.1/thumb/v7e-m/crti.o
                0x00000764                _fini
 .fini          0x00000768        0x8 c:/program files (x86)/atmel/studio/7.0/toolchain/arm/arm-gnu-toolchain/bin/../lib/gcc/arm-none-eabi/6.3.1/thumb/v7e-m/crtn.o
                0x00000770                . = ALIGN (0x4)
                0x00000770                __fini_array_start = .
 *(.fini_array)
 .fini_array    0x00000770        0x4 c:/program files (x86)/atmel/studio/7.0/toolchain/arm/arm-gnu-toolchain/bin/../lib/gcc/arm-none-eabi/6.3.1/thumb/v7e-m/crtbegin.o
 *(SORT(.fini_array.*))
                0x00000774                __fini_array_end = .
 *crtbegin.o(.dtors)
 *(EXCLUDE_FILE(*crtend.o) .dtors)
 *(SORT(.dtors.*))
 *crtend.o(.dtors)
                0x00000774                . = ALIGN (0x4)
                0x00000774                _efixed = .
                [!provide]                PROVIDE (__exidx_start, .)

.vfp11_veneer   0x00000774        0x0
 .vfp11_veneer  0x00000774        0x0 linker stubs

.v4_bx          0x00000774        0x0
 .v4_bx         0x00000774        0x0 linker stubs

.iplt           0x00000774        0x0
 .iplt          0x00000774        0x0 c:/program files (x86)/atmel/studio/7.0/toolchain/arm/arm-gnu-toolchain/bin/../lib/gcc/arm-none-eabi/6.3.1/thumb/v7e-m/crtbegin.o

.eh_frame       0x00000774        0x0
 .eh_frame      0x00000774        0x0 c:/program files (x86)/atmel/studio/7.0/toolchain/arm/arm-gnu-toolchain/bin/../lib/gcc/arm-none-eabi/6.3.1/thumb/v7e-m/crtbegin.o

.rel.dyn        0x00000774        0x0
 .rel.iplt      0x00000774        0x0 c:/program files (x86)/atmel/studio/7.0/toolchain/arm/arm-gnu-toolchain/bin/../lib/gcc/arm-none-eabi/6.3.1/thumb/v7e-m/crtbegin.o

.jcr            0x00000774        0x0
 .jcr           0x00000774        0x0 c:/program files (x86)/atmel/studio/7.0/toolchain/arm/arm-gnu-toolchain/bin/../lib/gcc/arm-none-eabi/6.3.1/thumb/v7e-m/crtbegin.o

.igot.plt       0x00000774        0x0
 .igot.plt      0x00000774        0x0 c:/program files (x86)/atmel/studio/7.0/toolchain/arm/arm-gnu-toolchain/bin/../lib/gcc/arm-none-eabi/6.3.1/thumb/v7e-m/crtbegin.o

.ARM.exidx
 *(.ARM.exidx* .gnu.linkonce.armexidx.*)
                [!provide]                PROVIDE (__exidx_end, .)
                0x00000774                . = ALIGN (0x4)
                0x00000774                _etext = .

.relocate       0x20000000      0x42c load address 0x00000774
                0x20000000                . = ALIGN (0x4)
                0x20000000                _srelocate = .
 *(.ramfunc .ramfunc.*)
 *(.data .data.*)
 .data.impure_data
                0x20000000      0x428 c:/program files (x86)/atmel/studio/7.0/toolchain/arm/arm-gnu-toolchain/bin/../lib/gcc/arm-none-eabi/6.3.1/../../../../arm-none-eabi/lib/thumb/v7e-m\libc.a(lib_a-impure.o)
 .data.__atexit_recursive_mutex
                0x20000428        0x4 c:/program files (x86)/atmel/studio/7.0/toolchain/arm/arm-gnu-toolchain/bin/../lib/gcc/arm-none-eabi/6.3.1/../../../../arm-none-eabi/lib/thumb/v7e-m\libc.a(lib_a-__call_atexit.o)
                0x20000428                __atexit_recursive_mutex
                0x2000042c                . = ALIGN (0x4)
                0x2000042c                _erelocate = .

.bkupram        0x47000000        0x0
                0x47000000                . = ALIGN (0x8)
                0x47000000                _sbkupram = .
 *(.bkupram .bkupram.*)
                0x47000000                . = ALIGN (0x8)
                0x47000000                _ebkupram = .

.qspi           0x04000000        0x0
                0x04000000                . = ALIGN (0x8)
                0x04000000                _sqspi = .
 *(.qspi .qspi.*)
                0x04000000                . = ALIGN (0x8)
                0x04000000                _eqspi = .

.bss            0x2000042c       0x54 load address 0x00000ba0
                0x2000042c                . = ALIGN (0x4)
                0x2000042c                _sbss = .
                0x2000042c                _szero = .
 *(.bss .bss.*)
 .bss           0x2000042c       0x1c c:/program files (x86)/atmel/studio/7.0/toolchain/arm/arm-gnu-toolchain/bin/../lib/gcc/arm-none-eabi/6.3.1/thumb/v7e-m/crtbegin.o
 .bss           0x20000448        0x4 hal/src/hal_delay.o
 *(COMMON)
 COMMON         0x2000044c       0x10 hpl/ramecc/hpl_ramecc.o
                0x2000044c                device
 COMMON         0x2000045c       0x21 c:/program files (x86)/atmel/studio/7.0/toolchain/arm/arm-gnu-toolchain/bin/../lib/gcc/arm-none-eabi/6.3.1/../../../../arm-none-eabi/lib/thumb/v7e-m\libc.a(lib_a-lock.o)
                0x2000045c                __lock___atexit_recursive_mutex
                0x20000460                __lock___arc4random_mutex
                0x20000464                __lock___env_recursive_mutex
                0x20000468                __lock___sinit_recursive_mutex
                0x2000046c                __lock___malloc_recursive_mutex
                0x20000470                __lock___at_quick_exit_mutex
                0x20000474                __lock___dd_hash_mutex
                0x20000478                __lock___tz_mutex
                0x2000047c                __lock___sfp_recursive_mutex
                0x20000480                . = ALIGN (0x4)
 *fill*         0x2000047d        0x3 
                0x20000480                _ebss = .
                0x20000480                _ezero = .

.stack          0x20000480    0x10000 load address 0x00000bf4
                0x20000480                . = ALIGN (0x8)
                0x20000480                _sstack = .
                0x20010480                . = (. + STACK_SIZE)
 *fill*         0x20000480    0x10000 
                0x20010480                . = ALIGN (0x8)
                0x20010480                _estack = .
                0x20010480                . = ALIGN (0x4)
                0x20010480                _end = .
OUTPUT(MetroM4_BLINK.elf elf32-littlearm)

.ARM.attributes
                0x00000000       0x2e
 .ARM.attributes
                0x00000000       0x1e c:/program files (x86)/atmel/studio/7.0/toolchain/arm/arm-gnu-toolchain/bin/../lib/gcc/arm-none-eabi/6.3.1/thumb/v7e-m/crti.o
 .ARM.attributes
                0x0000001e       0x2e c:/program files (x86)/atmel/studio/7.0/toolchain/arm/arm-gnu-toolchain/bin/../lib/gcc/arm-none-eabi/6.3.1/thumb/v7e-m/crtbegin.o
 .ARM.attributes
                0x0000004c       0x37 atmel_start.o
 .ARM.attributes
                0x00000083       0x37 Device_Startup/startup_samd51.o
 .ARM.attributes
                0x000000ba       0x37 driver_init.o
 .ARM.attributes
                0x000000f1       0x37 hal/src/hal_delay.o
 .ARM.attributes
                0x00000128       0x37 hpl/core/hpl_core_m4.o
 .ARM.attributes
                0x0000015f       0x37 hpl/core/hpl_init.o
 .ARM.attributes
                0x00000196       0x37 hpl/gclk/hpl_gclk.o
 .ARM.attributes
                0x000001cd       0x37 hpl/mclk/hpl_mclk.o
 .ARM.attributes
                0x00000204       0x37 hpl/osc32kctrl/hpl_osc32kctrl.o
 .ARM.attributes
                0x0000023b       0x37 hpl/oscctrl/hpl_oscctrl.o
 .ARM.attributes
                0x00000272       0x37 hpl/ramecc/hpl_ramecc.o
 .ARM.attributes
                0x000002a9       0x37 main.o
 .ARM.attributes
                0x000002e0       0x2e c:/program files (x86)/atmel/studio/7.0/toolchain/arm/arm-gnu-toolchain/bin/../lib/gcc/arm-none-eabi/6.3.1/../../../../arm-none-eabi/lib/thumb/v7e-m\libc.a(lib_a-impure.o)
 .ARM.attributes
                0x0000030e       0x2e c:/program files (x86)/atmel/studio/7.0/toolchain/arm/arm-gnu-toolchain/bin/../lib/gcc/arm-none-eabi/6.3.1/../../../../arm-none-eabi/lib/thumb/v7e-m\libc.a(lib_a-init.o)
 .ARM.attributes
                0x0000033c       0x2e c:/program files (x86)/atmel/studio/7.0/toolchain/arm/arm-gnu-toolchain/bin/../lib/gcc/arm-none-eabi/6.3.1/../../../../arm-none-eabi/lib/thumb/v7e-m\libc.a(lib_a-__call_atexit.o)
 .ARM.attributes
                0x0000036a       0x2e c:/program files (x86)/atmel/studio/7.0/toolchain/arm/arm-gnu-toolchain/bin/../lib/gcc/arm-none-eabi/6.3.1/../../../../arm-none-eabi/lib/thumb/v7e-m\libc.a(lib_a-atexit.o)
 .ARM.attributes
                0x00000398       0x2e c:/program files (x86)/atmel/studio/7.0/toolchain/arm/arm-gnu-toolchain/bin/../lib/gcc/arm-none-eabi/6.3.1/../../../../arm-none-eabi/lib/thumb/v7e-m\libc.a(lib_a-fini.o)
 .ARM.attributes
                0x000003c6       0x2e c:/program files (x86)/atmel/studio/7.0/toolchain/arm/arm-gnu-toolchain/bin/../lib/gcc/arm-none-eabi/6.3.1/../../../../arm-none-eabi/lib/thumb/v7e-m\libc.a(lib_a-lock.o)
 .ARM.attributes
                0x000003f4       0x2e c:/program files (x86)/atmel/studio/7.0/toolchain/arm/arm-gnu-toolchain/bin/../lib/gcc/arm-none-eabi/6.3.1/../../../../arm-none-eabi/lib/thumb/v7e-m\libc.a(lib_a-__atexit.o)
 .ARM.attributes
                0x00000422       0x1e c:/program files (x86)/atmel/studio/7.0/toolchain/arm/arm-gnu-toolchain/bin/../lib/gcc/arm-none-eabi/6.3.1/thumb/v7e-m/crtn.o

.comment        0x00000000       0x59
 .comment       0x00000000       0x59 atmel_start.o
                                 0x5a (size before relaxing)
 .comment       0x00000059       0x5a Device_Startup/startup_samd51.o
 .comment       0x00000059       0x5a driver_init.o
 .comment       0x00000059       0x5a hal/src/hal_delay.o
 .comment       0x00000059       0x5a hpl/core/hpl_core_m4.o
 .comment       0x00000059       0x5a hpl/core/hpl_init.o
 .comment       0x00000059       0x5a hpl/gclk/hpl_gclk.o
 .comment       0x00000059       0x5a hpl/mclk/hpl_mclk.o
 .comment       0x00000059       0x5a hpl/osc32kctrl/hpl_osc32kctrl.o
 .comment       0x00000059       0x5a hpl/oscctrl/hpl_oscctrl.o
 .comment       0x00000059       0x5a hpl/ramecc/hpl_ramecc.o
 .comment       0x00000059       0x5a main.o

.debug_info     0x00000000     0x738b
 .debug_info    0x00000000       0xf8 atmel_start.o
 .debug_info    0x000000f8      0xd7a Device_Startup/startup_samd51.o
 .debug_info    0x00000e72      0x111 driver_init.o
 .debug_info    0x00000f83      0x205 hal/src/hal_delay.o
 .debug_info    0x00001188      0xc55 hpl/core/hpl_core_m4.o
 .debug_info    0x00001ddd      0xbe1 hpl/core/hpl_init.o
 .debug_info    0x000029be      0x68b hpl/gclk/hpl_gclk.o
 .debug_info    0x00003049      0xa0c hpl/mclk/hpl_mclk.o
 .debug_info    0x00003a55      0x767 hpl/osc32kctrl/hpl_osc32kctrl.o
 .debug_info    0x000041bc     0x1a49 hpl/oscctrl/hpl_oscctrl.o
 .debug_info    0x00005c05      0xc03 hpl/ramecc/hpl_ramecc.o
 .debug_info    0x00006808      0xb83 main.o

.debug_abbrev   0x00000000     0x15ac
 .debug_abbrev  0x00000000       0x9c atmel_start.o
 .debug_abbrev  0x0000009c      0x171 Device_Startup/startup_samd51.o
 .debug_abbrev  0x0000020d       0xba driver_init.o
 .debug_abbrev  0x000002c7       0xf9 hal/src/hal_delay.o
 .debug_abbrev  0x000003c0      0x2c2 hpl/core/hpl_core_m4.o
 .debug_abbrev  0x00000682      0x1ea hpl/core/hpl_init.o
 .debug_abbrev  0x0000086c      0x1c9 hpl/gclk/hpl_gclk.o
 .debug_abbrev  0x00000a35      0x1bd hpl/mclk/hpl_mclk.o
 .debug_abbrev  0x00000bf2      0x1ca hpl/osc32kctrl/hpl_osc32kctrl.o
 .debug_abbrev  0x00000dbc      0x2a4 hpl/oscctrl/hpl_oscctrl.o
 .debug_abbrev  0x00001060      0x2c8 hpl/ramecc/hpl_ramecc.o
 .debug_abbrev  0x00001328      0x284 main.o

.debug_loc      0x00000000      0xa1d
 .debug_loc     0x00000000       0x20 atmel_start.o
 .debug_loc     0x00000020       0x6b Device_Startup/startup_samd51.o
 .debug_loc     0x0000008b       0x20 driver_init.o
 .debug_loc     0x000000ab       0xc3 hal/src/hal_delay.o
 .debug_loc     0x0000016e      0x1d7 hpl/core/hpl_core_m4.o
 .debug_loc     0x00000345       0x4c hpl/core/hpl_init.o
 .debug_loc     0x00000391      0x156 hpl/gclk/hpl_gclk.o
 .debug_loc     0x000004e7       0x2c hpl/mclk/hpl_mclk.o
 .debug_loc     0x00000513       0xb2 hpl/osc32kctrl/hpl_osc32kctrl.o
 .debug_loc     0x000005c5      0x22f hpl/oscctrl/hpl_oscctrl.o
 .debug_loc     0x000007f4      0x130 hpl/ramecc/hpl_ramecc.o
 .debug_loc     0x00000924       0xf9 main.o

.debug_aranges  0x00000000      0x220
 .debug_aranges
                0x00000000       0x20 atmel_start.o
 .debug_aranges
                0x00000020       0x28 Device_Startup/startup_samd51.o
 .debug_aranges
                0x00000048       0x20 driver_init.o
 .debug_aranges
                0x00000068       0x38 hal/src/hal_delay.o
 .debug_aranges
                0x000000a0       0x80 hpl/core/hpl_core_m4.o
 .debug_aranges
                0x00000120       0x20 hpl/core/hpl_init.o
 .debug_aranges
                0x00000140       0x28 hpl/gclk/hpl_gclk.o
 .debug_aranges
                0x00000168       0x20 hpl/mclk/hpl_mclk.o
 .debug_aranges
                0x00000188       0x20 hpl/osc32kctrl/hpl_osc32kctrl.o
 .debug_aranges
                0x000001a8       0x28 hpl/oscctrl/hpl_oscctrl.o
 .debug_aranges
                0x000001d0       0x30 hpl/ramecc/hpl_ramecc.o
 .debug_aranges
                0x00000200       0x20 main.o

.debug_ranges   0x00000000      0x190
 .debug_ranges  0x00000000       0x10 atmel_start.o
 .debug_ranges  0x00000010       0x18 Device_Startup/startup_samd51.o
 .debug_ranges  0x00000028       0x10 driver_init.o
 .debug_ranges  0x00000038       0x28 hal/src/hal_delay.o
 .debug_ranges  0x00000060       0x70 hpl/core/hpl_core_m4.o
 .debug_ranges  0x000000d0       0x10 hpl/core/hpl_init.o
 .debug_ranges  0x000000e0       0x18 hpl/gclk/hpl_gclk.o
 .debug_ranges  0x000000f8       0x10 hpl/mclk/hpl_mclk.o
 .debug_ranges  0x00000108       0x10 hpl/osc32kctrl/hpl_osc32kctrl.o
 .debug_ranges  0x00000118       0x18 hpl/oscctrl/hpl_oscctrl.o
 .debug_ranges  0x00000130       0x38 hpl/ramecc/hpl_ramecc.o
 .debug_ranges  0x00000168       0x28 main.o

.debug_macro    0x00000000    0x28cc4
 .debug_macro   0x00000000      0x6ec atmel_start.o
 .debug_macro   0x000006ec      0x8b0 atmel_start.o
 .debug_macro   0x00000f9c      0x16d atmel_start.o
 .debug_macro   0x00001109       0x22 atmel_start.o
 .debug_macro   0x0000112b       0x87 atmel_start.o
 .debug_macro   0x000011b2       0x51 atmel_start.o
 .debug_macro   0x00001203       0xef atmel_start.o
 .debug_macro   0x000012f2       0x6a atmel_start.o
 .debug_macro   0x0000135c      0x1df atmel_start.o
 .debug_macro   0x0000153b       0x22 atmel_start.o
 .debug_macro   0x0000155d       0x54 atmel_start.o
 .debug_macro   0x000015b1       0x1c atmel_start.o
 .debug_macro   0x000015cd       0x22 atmel_start.o
 .debug_macro   0x000015ef       0xdf atmel_start.o
 .debug_macro   0x000016ce     0x102d atmel_start.o
 .debug_macro   0x000026fb      0x11f atmel_start.o
 .debug_macro   0x0000281a      0x706 atmel_start.o
 .debug_macro   0x00002f20      0xb5b atmel_start.o
 .debug_macro   0x00003a7b      0x3c0 atmel_start.o
 .debug_macro   0x00003e3b      0x336 atmel_start.o
 .debug_macro   0x00004171      0x3b7 atmel_start.o
 .debug_macro   0x00004528      0x668 atmel_start.o
 .debug_macro   0x00004b90     0x143f atmel_start.o
 .debug_macro   0x00005fcf      0x651 atmel_start.o
 .debug_macro   0x00006620      0x67b atmel_start.o
 .debug_macro   0x00006c9b      0x6d7 atmel_start.o
 .debug_macro   0x00007372      0x172 atmel_start.o
 .debug_macro   0x000074e4      0x395 atmel_start.o
 .debug_macro   0x00007879       0x3a atmel_start.o
 .debug_macro   0x000078b3      0x72a atmel_start.o
 .debug_macro   0x00007fdd      0xb12 atmel_start.o
 .debug_macro   0x00008aef      0x59f atmel_start.o
 .debug_macro   0x0000908e      0xbc0 atmel_start.o
 .debug_macro   0x00009c4e      0x9b9 atmel_start.o
 .debug_macro   0x0000a607      0x2a3 atmel_start.o
 .debug_macro   0x0000a8aa      0x877 atmel_start.o
 .debug_macro   0x0000b121      0x1ea atmel_start.o
 .debug_macro   0x0000b30b      0x8f4 atmel_start.o
 .debug_macro   0x0000bbff      0x216 atmel_start.o
 .debug_macro   0x0000be15      0x3f9 atmel_start.o
 .debug_macro   0x0000c20e      0x620 atmel_start.o
 .debug_macro   0x0000c82e      0x10d atmel_start.o
 .debug_macro   0x0000c93b       0xb8 atmel_start.o
 .debug_macro   0x0000c9f3     0x1df7 atmel_start.o
 .debug_macro   0x0000e7ea     0x2e69 atmel_start.o
 .debug_macro   0x00011653     0x11ed atmel_start.o
 .debug_macro   0x00012840      0x50e atmel_start.o
 .debug_macro   0x00012d4e      0x930 atmel_start.o
 .debug_macro   0x0001367e     0x1ad8 atmel_start.o
 .debug_macro   0x00015156       0xe7 atmel_start.o
 .debug_macro   0x0001523d     0x13e6 atmel_start.o
 .debug_macro   0x00016623      0x36a atmel_start.o
 .debug_macro   0x0001698d       0x94 atmel_start.o
 .debug_macro   0x00016a21       0xdc atmel_start.o
 .debug_macro   0x00016afd       0xe2 atmel_start.o
 .debug_macro   0x00016bdf       0xdc atmel_start.o
 .debug_macro   0x00016cbb       0x46 atmel_start.o
 .debug_macro   0x00016d01       0x4c atmel_start.o
 .debug_macro   0x00016d4d       0xc4 atmel_start.o
 .debug_macro   0x00016e11      0x7d5 atmel_start.o
 .debug_macro   0x000175e6       0xb8 atmel_start.o
 .debug_macro   0x0001769e       0x7c atmel_start.o
 .debug_macro   0x0001771a      0xc19 atmel_start.o
 .debug_macro   0x00018333       0x46 atmel_start.o
 .debug_macro   0x00018379      0x25b atmel_start.o
 .debug_macro   0x000185d4      0x170 atmel_start.o
 .debug_macro   0x00018744       0x7c atmel_start.o
 .debug_macro   0x000187c0       0xbe atmel_start.o
 .debug_macro   0x0001887e       0x4c atmel_start.o
 .debug_macro   0x000188ca       0x82 atmel_start.o
 .debug_macro   0x0001894c      0x1a3 atmel_start.o
 .debug_macro   0x00018aef       0x46 atmel_start.o
 .debug_macro   0x00018b35       0x6a atmel_start.o
 .debug_macro   0x00018b9f       0x46 atmel_start.o
 .debug_macro   0x00018be5       0x88 atmel_start.o
 .debug_macro   0x00018c6d       0x46 atmel_start.o
 .debug_macro   0x00018cb3      0x24e atmel_start.o
 .debug_macro   0x00018f01       0x1c atmel_start.o
 .debug_macro   0x00018f1d       0x76 atmel_start.o
 .debug_macro   0x00018f93       0x3a atmel_start.o
 .debug_macro   0x00018fcd       0x2e atmel_start.o
 .debug_macro   0x00018ffb      0x196 atmel_start.o
 .debug_macro   0x00019191      0x16f atmel_start.o
 .debug_macro   0x00019300      0x16f atmel_start.o
 .debug_macro   0x0001946f      0x25d atmel_start.o
 .debug_macro   0x000196cc      0x25d atmel_start.o
 .debug_macro   0x00019929      0x25d atmel_start.o
 .debug_macro   0x00019b86      0x25d atmel_start.o
 .debug_macro   0x00019de3      0x25d atmel_start.o
 .debug_macro   0x0001a040      0x25d atmel_start.o
 .debug_macro   0x0001a29d      0x25d atmel_start.o
 .debug_macro   0x0001a4fa      0x25d atmel_start.o
 .debug_macro   0x0001a757       0x52 atmel_start.o
 .debug_macro   0x0001a7a9       0xfa atmel_start.o
 .debug_macro   0x0001a8a3       0xfa atmel_start.o
 .debug_macro   0x0001a99d       0xfa atmel_start.o
 .debug_macro   0x0001aa97       0xfa atmel_start.o
 .debug_macro   0x0001ab91       0xfa atmel_start.o
 .debug_macro   0x0001ac8b       0xfa atmel_start.o
 .debug_macro   0x0001ad85       0xfa atmel_start.o
 .debug_macro   0x0001ae7f       0xfa atmel_start.o
 .debug_macro   0x0001af79      0x148 atmel_start.o
 .debug_macro   0x0001b0c1      0x124 atmel_start.o
 .debug_macro   0x0001b1e5      0x106 atmel_start.o
 .debug_macro   0x0001b2eb       0xee atmel_start.o
 .debug_macro   0x0001b3d9       0xee atmel_start.o
 .debug_macro   0x0001b4c7       0x2e atmel_start.o
 .debug_macro   0x0001b4f5      0x46a atmel_start.o
 .debug_macro   0x0001b95f       0x3a atmel_start.o
 .debug_macro   0x0001b999      0x559 atmel_start.o
 .debug_macro   0x0001bef2     0x4c73 atmel_start.o
 .debug_macro   0x00020b65       0xcf atmel_start.o
 .debug_macro   0x00020c34       0x10 atmel_start.o
 .debug_macro   0x00020c44       0x10 atmel_start.o
 .debug_macro   0x00020c54       0x16 atmel_start.o
 .debug_macro   0x00020c6a       0x16 atmel_start.o
 .debug_macro   0x00020c80       0x16 atmel_start.o
 .debug_macro   0x00020c96       0x16 atmel_start.o
 .debug_macro   0x00020cac       0x16 atmel_start.o
 .debug_macro   0x00020cc2       0x40 atmel_start.o
 .debug_macro   0x00020d02       0x16 atmel_start.o
 .debug_macro   0x00020d18       0x16 atmel_start.o
 .debug_macro   0x00020d2e       0x16 atmel_start.o
 .debug_macro   0x00020d44       0x16 atmel_start.o
 .debug_macro   0x00020d5a       0x16 atmel_start.o
 .debug_macro   0x00020d70       0x16 atmel_start.o
 .debug_macro   0x00020d86       0x16 atmel_start.o
 .debug_macro   0x00020d9c       0x16 atmel_start.o
 .debug_macro   0x00020db2       0x16 atmel_start.o
 .debug_macro   0x00020dc8       0x16 atmel_start.o
 .debug_macro   0x00020dde       0x16 atmel_start.o
 .debug_macro   0x00020df4       0x16 atmel_start.o
 .debug_macro   0x00020e0a       0x16 atmel_start.o
 .debug_macro   0x00020e20       0x16 atmel_start.o
 .debug_macro   0x00020e36       0x16 atmel_start.o
 .debug_macro   0x00020e4c       0x16 atmel_start.o
 .debug_macro   0x00020e62       0x16 atmel_start.o
 .debug_macro   0x00020e78       0x16 atmel_start.o
 .debug_macro   0x00020e8e       0x16 atmel_start.o
 .debug_macro   0x00020ea4       0x16 atmel_start.o
 .debug_macro   0x00020eba      0xe5c atmel_start.o
 .debug_macro   0x00021d16      0x9b6 atmel_start.o
 .debug_macro   0x000226cc       0x94 atmel_start.o
 .debug_macro   0x00022760       0x16 atmel_start.o
 .debug_macro   0x00022776       0xbe atmel_start.o
 .debug_macro   0x00022834      0x28c atmel_start.o
 .debug_macro   0x00022ac0       0x16 atmel_start.o
 .debug_macro   0x00022ad6      0x4d8 atmel_start.o
 .debug_macro   0x00022fae       0x16 atmel_start.o
 .debug_macro   0x00022fc4       0xca atmel_start.o
 .debug_macro   0x0002308e       0x1c atmel_start.o
 .debug_macro   0x000230aa       0x16 atmel_start.o
 .debug_macro   0x000230c0      0x185 atmel_start.o
 .debug_macro   0x00023245       0x58 atmel_start.o
 .debug_macro   0x0002329d      0x480 Device_Startup/startup_samd51.o
 .debug_macro   0x0002371d       0x4e Device_Startup/startup_samd51.o
 .debug_macro   0x0002376b      0x6f5 driver_init.o
 .debug_macro   0x00023e60       0x10 driver_init.o
 .debug_macro   0x00023e70       0xc9 driver_init.o
 .debug_macro   0x00023f39      0x672 hal/src/hal_delay.o
 .debug_macro   0x000245ab      0x67a hpl/core/hpl_core_m4.o
 .debug_macro   0x00024c25      0x6de hpl/core/hpl_init.o
 .debug_macro   0x00025303       0x2e hpl/core/hpl_init.o
 .debug_macro   0x00025331      0xd7b hpl/core/hpl_init.o
 .debug_macro   0x000260ac      0x654 hpl/gclk/hpl_gclk.o
 .debug_macro   0x00026700      0x2f0 hpl/gclk/hpl_gclk.o
 .debug_macro   0x000269f0      0x64f hpl/mclk/hpl_mclk.o
 .debug_macro   0x0002703f      0x64a hpl/osc32kctrl/hpl_osc32kctrl.o
 .debug_macro   0x00027689       0x80 hpl/osc32kctrl/hpl_osc32kctrl.o
 .debug_macro   0x00027709      0x654 hpl/oscctrl/hpl_oscctrl.o
 .debug_macro   0x00027d5d      0x216 hpl/oscctrl/hpl_oscctrl.o
 .debug_macro   0x00027f73      0x665 hpl/ramecc/hpl_ramecc.o
 .debug_macro   0x000285d8      0x6ec main.o

.debug_line     0x00000000     0x9061
 .debug_line    0x00000000      0xc86 atmel_start.o
 .debug_line    0x00000c86      0x88c Device_Startup/startup_samd51.o
 .debug_line    0x00001512      0xc98 driver_init.o
 .debug_line    0x000021aa      0xbe9 hal/src/hal_delay.o
 .debug_line    0x00002d93      0xd05 hpl/core/hpl_core_m4.o
 .debug_line    0x00003a98      0xc9a hpl/core/hpl_init.o
 .debug_line    0x00004732      0xbef hpl/gclk/hpl_gclk.o
 .debug_line    0x00005321      0xbad hpl/mclk/hpl_mclk.o
 .debug_line    0x00005ece      0xbbe hpl/osc32kctrl/hpl_osc32kctrl.o
 .debug_line    0x00006a8c      0xcde hpl/oscctrl/hpl_oscctrl.o
 .debug_line    0x0000776a      0xc50 hpl/ramecc/hpl_ramecc.o
 .debug_line    0x000083ba      0xca7 main.o

.debug_str      0x00000000    0xf1d79
 .debug_str     0x00000000    0xeaa9b atmel_start.o
                              0xeaf4b (size before relaxing)
 .debug_str     0x000eaa9b      0xbfc Device_Startup/startup_samd51.o
                              0xd43d1 (size before relaxing)
 .debug_str     0x000eb697      0x4dc driver_init.o
                              0xeb406 (size before relaxing)
 .debug_str     0x000ebb73       0xc1 hal/src/hal_delay.o
                              0xe9d48 (size before relaxing)
 .debug_str     0x000ebc34      0x8a4 hpl/core/hpl_core_m4.o
                              0xeab7c (size before relaxing)
 .debug_str     0x000ec4d8     0x3164 hpl/core/hpl_init.o
                              0xedefb (size before relaxing)
 .debug_str     0x000ef63c      0xcee hpl/gclk/hpl_gclk.o
                              0xeaa1b (size before relaxing)
 .debug_str     0x000f032a      0x2f8 hpl/mclk/hpl_mclk.o
                              0xea0ac (size before relaxing)
 .debug_str     0x000f0622      0x4c3 hpl/osc32kctrl/hpl_osc32kctrl.o
                              0xea195 (size before relaxing)
 .debug_str     0x000f0ae5      0xcd2 hpl/oscctrl/hpl_oscctrl.o
                              0xeb6ba (size before relaxing)
 .debug_str     0x000f17b7      0x263 hpl/ramecc/hpl_ramecc.o
                              0xeac06 (size before relaxing)
 .debug_str     0x000f1a1a      0x35f main.o
                              0xeb2f3 (size before relaxing)

.debug_frame    0x00000000      0x4e0
 .debug_frame   0x00000000       0x28 atmel_start.o
 .debug_frame   0x00000028       0x38 Device_Startup/startup_samd51.o
 .debug_frame   0x00000060       0x28 driver_init.o
 .debug_frame   0x00000088       0x68 hal/src/hal_delay.o
 .debug_frame   0x000000f0       0xec hpl/core/hpl_core_m4.o
 .debug_frame   0x000001dc       0x28 hpl/core/hpl_init.o
 .debug_frame   0x00000204       0x30 hpl/gclk/hpl_gclk.o
 .debug_frame   0x00000234       0x20 hpl/mclk/hpl_mclk.o
 .debug_frame   0x00000254       0x20 hpl/osc32kctrl/hpl_osc32kctrl.o
 .debug_frame   0x00000274       0x30 hpl/oscctrl/hpl_oscctrl.o
 .debug_frame   0x000002a4       0x4c hpl/ramecc/hpl_ramecc.o
 .debug_frame   0x000002f0       0x30 main.o
 .debug_frame   0x00000320       0x2c c:/program files (x86)/atmel/studio/7.0/toolchain/arm/arm-gnu-toolchain/bin/../lib/gcc/arm-none-eabi/6.3.1/../../../../arm-none-eabi/lib/thumb/v7e-m\libc.a(lib_a-init.o)
 .debug_frame   0x0000034c       0x5c c:/program files (x86)/atmel/studio/7.0/toolchain/arm/arm-gnu-toolchain/bin/../lib/gcc/arm-none-eabi/6.3.1/../../../../arm-none-eabi/lib/thumb/v7e-m\libc.a(lib_a-__call_atexit.o)
 .debug_frame   0x000003a8       0x20 c:/program files (x86)/atmel/studio/7.0/toolchain/arm/arm-gnu-toolchain/bin/../lib/gcc/arm-none-eabi/6.3.1/../../../../arm-none-eabi/lib/thumb/v7e-m\libc.a(lib_a-atexit.o)
 .debug_frame   0x000003c8       0x34 c:/program files (x86)/atmel/studio/7.0/toolchain/arm/arm-gnu-toolchain/bin/../lib/gcc/arm-none-eabi/6.3.1/../../../../arm-none-eabi/lib/thumb/v7e-m\libc.a(lib_a-fini.o)
 .debug_frame   0x000003fc       0xb0 c:/program files (x86)/atmel/studio/7.0/toolchain/arm/arm-gnu-toolchain/bin/../lib/gcc/arm-none-eabi/6.3.1/../../../../arm-none-eabi/lib/thumb/v7e-m\libc.a(lib_a-lock.o)
 .debug_frame   0x000004ac       0x34 c:/program files (x86)/atmel/studio/7.0/toolchain/arm/arm-gnu-toolchain/bin/../lib/gcc/arm-none-eabi/6.3.1/../../../../arm-none-eabi/lib/thumb/v7e-m\libc.a(lib_a-__atexit.o)
